# Path: /Users/yjpark/Library/Developer/Xcode/DerivedData/s3eBass_osx-dnnfluhyvgyumcdwtvyhwvfoourp/Build/Products/Debug/s3eBass_osx.dylib
# Arch: i386
# Object files:
[  0] linker synthesized
[  1] /Users/yjpark/Library/Developer/Xcode/DerivedData/s3eBass_osx-dnnfluhyvgyumcdwtvyhwvfoourp/Build/Intermediates/s3eBass_osx.build/Debug/s3eBass_osx.build/Objects-normal/i386/s3eBass.o
[  2] /Users/yjpark/Library/Developer/Xcode/DerivedData/s3eBass_osx-dnnfluhyvgyumcdwtvyhwvfoourp/Build/Intermediates/s3eBass_osx.build/Debug/s3eBass_osx.build/Objects-normal/i386/s3eBass_register.o
[  3] /Developer/Marmalade/6.2/s3e/edk/lib/osx/libedk.a(iwcrt_api_bind.o)
[  4] /Developer/Marmalade/6.2/s3e/edk/lib/osx/libedk.a(iwcrt_api_define.o)
[  5] /Developer/Marmalade/6.2/s3e/edk/lib/osx/libedk.a(edk_helpers.o)
[  6] /Developer/Marmalade/6.2/s3e/edk/lib/osx/libedk.a(IwDebug.o)
[  7] /Developer/Marmalade/6.2/s3e/edk/lib/osx/libedk.a(IwMain.o)
[  8] /Users/yjpark/pettyfun/libs/PfAudio/bass/osx/libbass.dylib
[  9] /Applications/Xcode.app/Contents/Developer/Platforms/MacOSX.platform/Developer/SDKs/MacOSX10.8.sdk/usr/lib/libSystem.dylib
# Sections:
# Address	Size    	Segment	Section
0x00000BD0	0x0000F5F2	__TEXT	__text
0x000101C2	0x000002B8	__TEXT	__symbol_stub
0x0001047C	0x00000426	__TEXT	__stub_helper
0x000108A4	0x00003C76	__TEXT	__cstring
0x0001451A	0x00000178	__TEXT	__unwind_info
0x00014698	0x0000B968	__TEXT	__eh_frame
0x00020000	0x0000018C	__DATA	__nl_symbol_ptr
0x0002018C	0x000001D0	__DATA	__la_symbol_ptr
0x0002035C	0x00000004	__DATA	__mod_init_func
0x00020360	0x00002202	__DATA	__data
0x00022580	0x00000300	__DATA	__bss
0x00022880	0x00002928	__DATA	__common
# Symbols:
# Address	Size    	File  Name
0x00000BD0	0x00000020	[  1] __Z11s3eBassInitv
0x00000BF0	0x00000010	[  1] __Z16s3eBassTerminatev
0x00000C00	0x00000010	[  1] _s3eBASS_Apply3D
0x00000C10	0x00000030	[  1] _s3eBASS_FXReset
0x00000C40	0x00000040	[  1] _s3eBASS_FXGetParameters
0x00000C80	0x00000040	[  1] _s3eBASS_FXSetParameters
0x00000CC0	0x00000040	[  1] _s3eBASS_ChannelRemoveFX
0x00000D00	0x00000050	[  1] _s3eBASS_ChannelSetFX
0x00000D50	0x00000040	[  1] _s3eBASS_ChannelRemoveLink
0x00000D90	0x00000040	[  1] _s3eBASS_ChannelSetLink
0x00000DD0	0x00000040	[  1] _s3eBASS_ChannelRemoveDSP
0x00000E10	0x00000060	[  1] _s3eBASS_ChannelSetDSP
0x00000E70	0x00000040	[  1] _s3eBASS_ChannelRemoveSync
0x00000EB0	0x00000080	[  1] _s3eBASS_ChannelSetSync
0x00000F30	0x00000050	[  1] _s3eBASS_ChannelGetData
0x00000F80	0x00000030	[  1] _s3eBASS_ChannelGetLevel
0x00000FB0	0x00000050	[  1] _s3eBASS_ChannelGetPosition
0x00001000	0x00000050	[  1] _s3eBASS_ChannelSetPosition
0x00001050	0x00000050	[  1] _s3eBASS_ChannelGetLength
0x000010A0	0x00000060	[  1] _s3eBASS_ChannelGet3DPosition
0x00001100	0x00000060	[  1] _s3eBASS_ChannelSet3DPosition
0x00001160	0x00000090	[  1] _s3eBASS_ChannelGet3DAttributes
0x000011F0	0x00000090	[  1] _s3eBASS_ChannelSet3DAttributes
0x00001280	0x00000040	[  1] _s3eBASS_ChannelIsSliding
0x000012C0	0x00000060	[  1] _s3eBASS_ChannelSlideAttribute
0x00001320	0x00000050	[  1] _s3eBASS_ChannelGetAttribute
0x00001370	0x00000050	[  1] _s3eBASS_ChannelSetAttribute
0x000013C0	0x00000030	[  1] _s3eBASS_ChannelPause
0x000013F0	0x00000030	[  1] _s3eBASS_ChannelStop
0x00001420	0x00000040	[  1] _s3eBASS_ChannelPlay
0x00001460	0x00000040	[  1] _s3eBASS_ChannelLock
0x000014A0	0x00000040	[  1] _s3eBASS_ChannelUpdate
0x000014E0	0x00000050	[  1] _s3eBASS_ChannelFlags
0x00001530	0x00000040	[  1] _s3eBASS_ChannelGetTags
0x00001570	0x00000040	[  1] _s3eBASS_ChannelGetInfo
0x000015B0	0x00000030	[  1] _s3eBASS_ChannelIsActive
0x000015E0	0x00000040	[  1] _s3eBASS_ChannelSetDevice
0x00001620	0x00000030	[  1] _s3eBASS_ChannelGetDevice
0x00001650	0x00000050	[  1] _s3eBASS_ChannelSeconds2Bytes
0x000016A0	0x00000050	[  1] _s3eBASS_ChannelBytes2Seconds
0x000016F0	0x00000060	[  1] _s3eBASS_RecordStart
0x00001750	0x00000040	[  1] _s3eBASS_RecordGetInput
0x00001790	0x00000050	[  1] _s3eBASS_RecordSetInput
0x000017E0	0x00000030	[  1] _s3eBASS_RecordGetInputName
0x00001810	0x00000030	[  1] _s3eBASS_RecordGetInfo
0x00001840	0x00000020	[  1] _s3eBASS_RecordFree
0x00001860	0x00000020	[  1] _s3eBASS_RecordGetDevice
0x00001880	0x00000030	[  1] _s3eBASS_RecordSetDevice
0x000018B0	0x00000030	[  1] _s3eBASS_RecordInit
0x000018E0	0x00000040	[  1] _s3eBASS_RecordGetDeviceInfo
0x00001920	0x00000050	[  1] _s3eBASS_StreamPutFileData
0x00001970	0x00000050	[  1] _s3eBASS_StreamPutData
0x000019C0	0x00000050	[  1] _s3eBASS_StreamGetFilePosition
0x00001A10	0x00000030	[  1] _s3eBASS_StreamFree
0x00001A40	0x00000060	[  1] _s3eBASS_StreamCreateFileUser
0x00001AA0	0x00000060	[  1] _s3eBASS_StreamCreateURL
0x00001B00	0x00000090	[  1] _s3eBASS_StreamCreateFile
0x00001B90	0x00000060	[  1] _s3eBASS_StreamCreate
0x00001BF0	0x00000030	[  1] _s3eBASS_SampleStop
0x00001C20	0x00000040	[  1] _s3eBASS_SampleGetChannels
0x00001C60	0x00000040	[  1] _s3eBASS_SampleGetChannel
0x00001CA0	0x00000040	[  1] _s3eBASS_SampleSetInfo
0x00001CE0	0x00000040	[  1] _s3eBASS_SampleGetInfo
0x00001D20	0x00000040	[  1] _s3eBASS_SampleGetData
0x00001D60	0x00000040	[  1] _s3eBASS_SampleSetData
0x00001DA0	0x00000030	[  1] _s3eBASS_SampleFree
0x00001DD0	0x00000060	[  1] _s3eBASS_SampleCreate
0x00001E30	0x00000090	[  1] _s3eBASS_SampleLoad
0x00001EC0	0x00000030	[  1] _s3eBASS_MusicFree
0x00001EF0	0x00000090	[  1] _s3eBASS_MusicLoad
0x00001F80	0x00000060	[  1] _s3eBASS_Get3DPosition
0x00001FE0	0x00000060	[  1] _s3eBASS_Set3DPosition
0x00002040	0x00000050	[  1] _s3eBASS_Get3DFactors
0x00002090	0x00000060	[  1] _s3eBASS_Set3DFactors
0x000020F0	0x00000030	[  1] _s3eBASS_PluginGetInfo
0x00002120	0x00000030	[  1] _s3eBASS_PluginFree
0x00002150	0x00000040	[  1] _s3eBASS_PluginLoad
0x00002190	0x00000040	[  1] _s3eBASS_GetVolume
0x000021D0	0x00000030	[  1] _s3eBASS_SetVolume
0x00002200	0x00000020	[  1] _s3eBASS_Pause
0x00002220	0x00000020	[  1] _s3eBASS_Stop
0x00002240	0x00000020	[  1] _s3eBASS_Start
0x00002260	0x00000040	[  1] _s3eBASS_GetCPU
0x000022A0	0x00000030	[  1] _s3eBASS_Update
0x000022D0	0x00000030	[  1] _s3eBASS_GetInfo
0x00002300	0x00000020	[  1] _s3eBASS_Free
0x00002320	0x00000020	[  1] _s3eBASS_GetDevice
0x00002340	0x00000030	[  1] _s3eBASS_SetDevice
0x00002370	0x00000060	[  1] _s3eBASS_Init
0x000023D0	0x00000040	[  1] _s3eBASS_GetDeviceInfo
0x00002410	0x00000020	[  1] _s3eBASS_ErrorGetCode
0x00002430	0x00000020	[  1] _s3eBASS_GetVersion
0x00002450	0x00000030	[  1] _s3eBASS_GetConfigPtr
0x00002480	0x00000040	[  1] _s3eBASS_SetConfigPtr
0x000024C0	0x00000030	[  1] _s3eBASS_GetConfig
0x000024F0	0x00000035	[  1] _s3eBASS_SetConfig
0x00002530	0x000004B0	[  2] __Z18s3eBassRegisterExtv
0x000029E0	0x000000A0	[  2] __ZL22s3eBASS_SetConfig_wrapjj
0x00002A80	0x000000A0	[  2] __ZL22s3eBASS_GetConfig_wrapj
0x00002B20	0x000000A0	[  2] __ZL25s3eBASS_SetConfigPtr_wrapjPv
0x00002BC0	0x000000A0	[  2] __ZL25s3eBASS_GetConfigPtr_wrapj
0x00002C60	0x00000090	[  2] __ZL23s3eBASS_GetVersion_wrapv
0x00002CF0	0x00000090	[  2] __ZL25s3eBASS_ErrorGetCode_wrapv
0x00002D80	0x000000A0	[  2] __ZL26s3eBASS_GetDeviceInfo_wrapjP15BASS_DEVICEINFO
0x00002E20	0x000000D0	[  2] __ZL17s3eBASS_Init_wrapijjPvS_
0x00002EF0	0x000000A0	[  2] __ZL22s3eBASS_SetDevice_wrapj
0x00002F90	0x00000090	[  2] __ZL22s3eBASS_GetDevice_wrapv
0x00003020	0x00000090	[  2] __ZL17s3eBASS_Free_wrapv
0x000030B0	0x000000A0	[  2] __ZL20s3eBASS_GetInfo_wrapP9BASS_INFO
0x00003150	0x000000A0	[  2] __ZL19s3eBASS_Update_wrapj
0x000031F0	0x000000A0	[  2] __ZL19s3eBASS_GetCPU_wrapv
0x00003290	0x00000090	[  2] __ZL18s3eBASS_Start_wrapv
0x00003320	0x00000090	[  2] __ZL17s3eBASS_Stop_wrapv
0x000033B0	0x00000090	[  2] __ZL18s3eBASS_Pause_wrapv
0x00003440	0x000000A0	[  2] __ZL22s3eBASS_SetVolume_wrapf
0x000034E0	0x000000A0	[  2] __ZL22s3eBASS_GetVolume_wrapv
0x00003580	0x000000A0	[  2] __ZL23s3eBASS_PluginLoad_wrapPKcj
0x00003620	0x000000A0	[  2] __ZL23s3eBASS_PluginFree_wrapj
0x000036C0	0x000000A0	[  2] __ZL26s3eBASS_PluginGetInfo_wrapj
0x00003760	0x000000D0	[  2] __ZL25s3eBASS_Set3DFactors_wrapfff
0x00003830	0x000000B0	[  2] __ZL25s3eBASS_Get3DFactors_wrapPfS_S_
0x000038E0	0x000000C0	[  2] __ZL26s3eBASS_Set3DPosition_wrapPK13BASS_3DVECTORS1_S1_S1_
0x000039A0	0x000000C0	[  2] __ZL26s3eBASS_Get3DPosition_wrapP13BASS_3DVECTORS0_S0_S0_
0x00003A60	0x00000080	[  2] __ZL20s3eBASS_Apply3D_wrapv
0x00003AE0	0x000000F0	[  2] __ZL22s3eBASS_MusicLoad_wrapiPKvyjjj
0x00003BD0	0x000000A0	[  2] __ZL22s3eBASS_MusicFree_wrapj
0x00003C70	0x000000F0	[  2] __ZL23s3eBASS_SampleLoad_wrapiPKvyjjj
0x00003D60	0x000000D0	[  2] __ZL25s3eBASS_SampleCreate_wrapjjjjj
0x00003E30	0x000000A0	[  2] __ZL23s3eBASS_SampleFree_wrapj
0x00003ED0	0x000000A0	[  2] __ZL26s3eBASS_SampleSetData_wrapjPKv
0x00003F70	0x000000A0	[  2] __ZL26s3eBASS_SampleGetData_wrapjPv
0x00004010	0x000000A0	[  2] __ZL26s3eBASS_SampleGetInfo_wrapjP11BASS_SAMPLE
0x000040B0	0x000000A0	[  2] __ZL26s3eBASS_SampleSetInfo_wrapjPK11BASS_SAMPLE
0x00004150	0x000000A0	[  2] __ZL29s3eBASS_SampleGetChannel_wrapji
0x000041F0	0x000000A0	[  2] __ZL30s3eBASS_SampleGetChannels_wrapjPj
0x00004290	0x000000A0	[  2] __ZL23s3eBASS_SampleStop_wrapj
0x00004330	0x000000D0	[  2] __ZL25s3eBASS_StreamCreate_wrapjjjPFjjPvjS_ES_
0x00004400	0x000000F0	[  2] __ZL29s3eBASS_StreamCreateFile_wrapiPKvyyj
0x000044F0	0x000000D0	[  2] __ZL28s3eBASS_StreamCreateURL_wrapPKcjjPFvPKvjPvES3_
0x000045C0	0x000000C0	[  2] __ZL33s3eBASS_StreamCreateFileUser_wrapjjPK14BASS_FILEPROCSPv
0x00004680	0x000000A0	[  2] __ZL23s3eBASS_StreamFree_wrapj
0x00004720	0x000000B0	[  2] __ZL34s3eBASS_StreamGetFilePosition_wrapjj
0x000047D0	0x000000B0	[  2] __ZL26s3eBASS_StreamPutData_wrapjPKvj
0x00004880	0x000000B0	[  2] __ZL30s3eBASS_StreamPutFileData_wrapjPKvj
0x00004930	0x000000A0	[  2] __ZL32s3eBASS_RecordGetDeviceInfo_wrapjP15BASS_DEVICEINFO
0x000049D0	0x000000A0	[  2] __ZL23s3eBASS_RecordInit_wrapi
0x00004A70	0x000000A0	[  2] __ZL28s3eBASS_RecordSetDevice_wrapj
0x00004B10	0x00000090	[  2] __ZL28s3eBASS_RecordGetDevice_wrapv
0x00004BA0	0x00000090	[  2] __ZL23s3eBASS_RecordFree_wrapv
0x00004C30	0x000000A0	[  2] __ZL26s3eBASS_RecordGetInfo_wrapP15BASS_RECORDINFO
0x00004CD0	0x000000A0	[  2] __ZL31s3eBASS_RecordGetInputName_wrapi
0x00004D70	0x000000C0	[  2] __ZL27s3eBASS_RecordSetInput_wrapijf
0x00004E30	0x000000A0	[  2] __ZL27s3eBASS_RecordGetInput_wrapiPf
0x00004ED0	0x000000D0	[  2] __ZL24s3eBASS_RecordStart_wrapjjjPFijPKvjPvES1_
0x00004FA0	0x000000C0	[  2] __ZL33s3eBASS_ChannelBytes2Seconds_wrapjy
0x00005060	0x000000C0	[  2] __ZL33s3eBASS_ChannelSeconds2Bytes_wrapjd
0x00005120	0x000000A0	[  2] __ZL29s3eBASS_ChannelGetDevice_wrapj
0x000051C0	0x000000A0	[  2] __ZL29s3eBASS_ChannelSetDevice_wrapjj
0x00005260	0x000000A0	[  2] __ZL28s3eBASS_ChannelIsActive_wrapj
0x00005300	0x000000A0	[  2] __ZL27s3eBASS_ChannelGetInfo_wrapjP16BASS_CHANNELINFO
0x000053A0	0x000000A0	[  2] __ZL27s3eBASS_ChannelGetTags_wrapjj
0x00005440	0x000000B0	[  2] __ZL25s3eBASS_ChannelFlags_wrapjjj
0x000054F0	0x000000A0	[  2] __ZL26s3eBASS_ChannelUpdate_wrapjj
0x00005590	0x000000A0	[  2] __ZL24s3eBASS_ChannelLock_wrapji
0x00005630	0x000000A0	[  2] __ZL24s3eBASS_ChannelPlay_wrapji
0x000056D0	0x000000A0	[  2] __ZL24s3eBASS_ChannelStop_wrapj
0x00005770	0x000000A0	[  2] __ZL25s3eBASS_ChannelPause_wrapj
0x00005810	0x000000C0	[  2] __ZL32s3eBASS_ChannelSetAttribute_wrapjjf
0x000058D0	0x000000B0	[  2] __ZL32s3eBASS_ChannelGetAttribute_wrapjjPf
0x00005980	0x000000D0	[  2] __ZL34s3eBASS_ChannelSlideAttribute_wrapjjfj
0x00005A50	0x000000A0	[  2] __ZL29s3eBASS_ChannelIsSliding_wrapjj
0x00005AF0	0x00000110	[  2] __ZL35s3eBASS_ChannelSet3DAttributes_wrapjiffiif
0x00005C00	0x00000100	[  2] __ZL35s3eBASS_ChannelGet3DAttributes_wrapjPjPfS0_S_S_S0_
0x00005D00	0x000000C0	[  2] __ZL33s3eBASS_ChannelSet3DPosition_wrapjPK13BASS_3DVECTORS1_S1_
0x00005DC0	0x000000C0	[  2] __ZL33s3eBASS_ChannelGet3DPosition_wrapjP13BASS_3DVECTORS0_S0_
0x00005E80	0x000000B0	[  2] __ZL29s3eBASS_ChannelGetLength_wrapjj
0x00005F30	0x000000B0	[  2] __ZL31s3eBASS_ChannelSetPosition_wrapjyj
0x00005FE0	0x000000B0	[  2] __ZL31s3eBASS_ChannelGetPosition_wrapjj
0x00006090	0x000000A0	[  2] __ZL28s3eBASS_ChannelGetLevel_wrapj
0x00006130	0x000000B0	[  2] __ZL27s3eBASS_ChannelGetData_wrapjPvj
0x000061E0	0x000000D0	[  2] __ZL27s3eBASS_ChannelSetSync_wrapjjyPFvjjjPvES_
0x000062B0	0x000000A0	[  2] __ZL30s3eBASS_ChannelRemoveSync_wrapjj
0x00006350	0x000000C0	[  2] __ZL26s3eBASS_ChannelSetDSP_wrapjPFvjjPvjS_ES_i
0x00006410	0x000000A0	[  2] __ZL29s3eBASS_ChannelRemoveDSP_wrapjj
0x000064B0	0x000000A0	[  2] __ZL27s3eBASS_ChannelSetLink_wrapjj
0x00006550	0x000000A0	[  2] __ZL30s3eBASS_ChannelRemoveLink_wrapjj
0x000065F0	0x000000B0	[  2] __ZL25s3eBASS_ChannelSetFX_wrapjji
0x000066A0	0x000000A0	[  2] __ZL28s3eBASS_ChannelRemoveFX_wrapjj
0x00006740	0x000000A0	[  2] __ZL28s3eBASS_FXSetParameters_wrapjPKv
0x000067E0	0x000000A0	[  2] __ZL28s3eBASS_FXGetParameters_wrapjPv
0x00006880	0x000000A0	[  2] __ZL20s3eBASS_FXReset_wrapj
0x00006920	0x00000010	[  2] _RegisterExt
0x00006930	0x000001F0	[  3] __IwBindAPI
0x00006B20	0x00000016	[  3] __IwAppEntry
0x00006B40	0x00000020	[  4] ___eglBindAPI
0x00006B60	0x00000020	[  4] ___eglBindTexImage
0x00006B80	0x00000020	[  4] ___eglChooseConfig
0x00006BA0	0x00000020	[  4] ___eglCopyBuffers
0x00006BC0	0x00000020	[  4] ___eglCreateContext
0x00006BE0	0x00000020	[  4] ___eglCreatePbufferFromClientBuffer
0x00006C00	0x00000020	[  4] ___eglCreatePbufferSurface
0x00006C20	0x00000020	[  4] ___eglCreatePixmapSurface
0x00006C40	0x00000020	[  4] ___eglCreateWindowSurface
0x00006C60	0x00000020	[  4] ___eglDestroyContext
0x00006C80	0x00000020	[  4] ___eglDestroySurface
0x00006CA0	0x00000020	[  4] ___eglGetConfigAttrib
0x00006CC0	0x00000020	[  4] ___eglGetConfigs
0x00006CE0	0x00000020	[  4] ___eglGetCurrentContext
0x00006D00	0x00000020	[  4] ___eglGetCurrentDisplay
0x00006D20	0x00000020	[  4] ___eglGetCurrentSurface
0x00006D40	0x00000020	[  4] ___eglGetDisplay
0x00006D60	0x00000020	[  4] ___eglGetError
0x00006D80	0x00000020	[  4] ___eglGetProcAddress
0x00006DA0	0x00000020	[  4] ___eglInitialize
0x00006DC0	0x00000020	[  4] ___eglMakeCurrent
0x00006DE0	0x00000020	[  4] ___eglQueryAPI
0x00006E00	0x00000020	[  4] ___eglQueryContext
0x00006E20	0x00000020	[  4] ___eglQueryString
0x00006E40	0x00000020	[  4] ___eglQuerySurface
0x00006E60	0x00000020	[  4] ___eglReleaseTexImage
0x00006E80	0x00000020	[  4] ___eglReleaseThread
0x00006EA0	0x00000020	[  4] ___eglSurfaceAttrib
0x00006EC0	0x00000020	[  4] ___eglSwapBuffers
0x00006EE0	0x00000020	[  4] ___eglSwapInterval
0x00006F00	0x00000020	[  4] ___eglTerminate
0x00006F20	0x00000020	[  4] ___eglWaitClient
0x00006F40	0x00000020	[  4] ___eglWaitGL
0x00006F60	0x00000020	[  4] ___eglWaitNative
0x00006F80	0x00000020	[  4] ___glActiveTexture
0x00006FA0	0x00000020	[  4] ___glAlphaFunc
0x00006FC0	0x00000020	[  4] ___glAlphaFuncx
0x00006FE0	0x00000020	[  4] ___glAttachShader
0x00007000	0x00000020	[  4] ___glBindAttribLocation
0x00007020	0x00000020	[  4] ___glBindBuffer
0x00007040	0x00000020	[  4] ___glBindFramebuffer
0x00007060	0x00000020	[  4] ___glBindRenderbuffer
0x00007080	0x00000020	[  4] ___glBindTexture
0x000070A0	0x00000020	[  4] ___glBlendColor
0x000070C0	0x00000020	[  4] ___glBlendEquation
0x000070E0	0x00000020	[  4] ___glBlendEquationSeparate
0x00007100	0x00000020	[  4] ___glBlendFunc
0x00007120	0x00000020	[  4] ___glBlendFuncSeparate
0x00007140	0x00000020	[  4] ___glBufferData
0x00007160	0x00000020	[  4] ___glBufferSubData
0x00007180	0x00000020	[  4] ___glCheckFramebufferStatus
0x000071A0	0x00000020	[  4] ___glClear
0x000071C0	0x00000020	[  4] ___glClearColor
0x000071E0	0x00000020	[  4] ___glClearColorx
0x00007200	0x00000020	[  4] ___glClearDepthf
0x00007220	0x00000020	[  4] ___glClearDepthx
0x00007240	0x00000020	[  4] ___glClearStencil
0x00007260	0x00000020	[  4] ___glClientActiveTexture
0x00007280	0x00000020	[  4] ___glClipPlanef
0x000072A0	0x00000020	[  4] ___glClipPlanex
0x000072C0	0x00000020	[  4] ___glColor4f
0x000072E0	0x00000020	[  4] ___glColor4ub
0x00007300	0x00000020	[  4] ___glColor4x
0x00007320	0x00000020	[  4] ___glColorMask
0x00007340	0x00000020	[  4] ___glColorPointer
0x00007360	0x00000020	[  4] ___glCompileShader
0x00007380	0x00000020	[  4] ___glCompressedTexImage2D
0x000073A0	0x00000020	[  4] ___glCompressedTexSubImage2D
0x000073C0	0x00000020	[  4] ___glCopyTexImage2D
0x000073E0	0x00000020	[  4] ___glCopyTexSubImage2D
0x00007400	0x00000020	[  4] ___glCreateProgram
0x00007420	0x00000020	[  4] ___glCreateShader
0x00007440	0x00000020	[  4] ___glCullFace
0x00007460	0x00000020	[  4] ___glCurrentPaletteMatrixOES
0x00007480	0x00000020	[  4] ___glDeleteBuffers
0x000074A0	0x00000020	[  4] ___glDeleteFramebuffers
0x000074C0	0x00000020	[  4] ___glDeleteProgram
0x000074E0	0x00000020	[  4] ___glDeleteRenderbuffers
0x00007500	0x00000020	[  4] ___glDeleteShader
0x00007520	0x00000020	[  4] ___glDeleteTextures
0x00007540	0x00000020	[  4] ___glDepthFunc
0x00007560	0x00000020	[  4] ___glDepthMask
0x00007580	0x00000020	[  4] ___glDepthRangef
0x000075A0	0x00000020	[  4] ___glDepthRangex
0x000075C0	0x00000020	[  4] ___glDetachShader
0x000075E0	0x00000020	[  4] ___glDisable
0x00007600	0x00000020	[  4] ___glDisableClientState
0x00007620	0x00000020	[  4] ___glDisableVertexAttribArray
0x00007640	0x00000020	[  4] ___glDrawArrays
0x00007660	0x00000020	[  4] ___glDrawElements
0x00007680	0x00000020	[  4] ___glEnable
0x000076A0	0x00000020	[  4] ___glEnableClientState
0x000076C0	0x00000020	[  4] ___glEnableVertexAttribArray
0x000076E0	0x00000020	[  4] ___glFinish
0x00007700	0x00000020	[  4] ___glFlush
0x00007720	0x00000020	[  4] ___glFogf
0x00007740	0x00000020	[  4] ___glFogfv
0x00007760	0x00000020	[  4] ___glFogx
0x00007780	0x00000020	[  4] ___glFogxv
0x000077A0	0x00000020	[  4] ___glFramebufferRenderbuffer
0x000077C0	0x00000020	[  4] ___glFramebufferTexture2D
0x000077E0	0x00000020	[  4] ___glFrontFace
0x00007800	0x00000020	[  4] ___glFrustumf
0x00007820	0x00000020	[  4] ___glFrustumx
0x00007840	0x00000020	[  4] ___glGenBuffers
0x00007860	0x00000020	[  4] ___glGenFramebuffers
0x00007880	0x00000020	[  4] ___glGenRenderbuffers
0x000078A0	0x00000020	[  4] ___glGenTextures
0x000078C0	0x00000020	[  4] ___glGenerateMipmap
0x000078E0	0x00000020	[  4] ___glGetActiveAttrib
0x00007900	0x00000020	[  4] ___glGetActiveUniform
0x00007920	0x00000020	[  4] ___glGetAttachedShaders
0x00007940	0x00000020	[  4] ___glGetAttribLocation
0x00007960	0x00000020	[  4] ___glGetBooleanv
0x00007980	0x00000020	[  4] ___glGetBufferParameteriv
0x000079A0	0x00000020	[  4] ___glGetClipPlanef
0x000079C0	0x00000020	[  4] ___glGetClipPlanex
0x000079E0	0x00000020	[  4] ___glGetError
0x00007A00	0x00000020	[  4] ___glGetFixedv
0x00007A20	0x00000020	[  4] ___glGetFloatv
0x00007A40	0x00000020	[  4] ___glGetFramebufferAttachmentParameteriv
0x00007A60	0x00000020	[  4] ___glGetIntegerv
0x00007A80	0x00000020	[  4] ___glGetLightfv
0x00007AA0	0x00000020	[  4] ___glGetLightxv
0x00007AC0	0x00000020	[  4] ___glGetMaterialfv
0x00007AE0	0x00000020	[  4] ___glGetMaterialxv
0x00007B00	0x00000020	[  4] ___glGetPointerv
0x00007B20	0x00000020	[  4] ___glGetProgramInfoLog
0x00007B40	0x00000020	[  4] ___glGetProgramiv
0x00007B60	0x00000020	[  4] ___glGetRenderbufferParameteriv
0x00007B80	0x00000020	[  4] ___glGetShaderInfoLog
0x00007BA0	0x00000020	[  4] ___glGetShaderPrecisionFormat
0x00007BC0	0x00000020	[  4] ___glGetShaderSource
0x00007BE0	0x00000020	[  4] ___glGetShaderiv
0x00007C00	0x00000020	[  4] ___glGetString
0x00007C20	0x00000020	[  4] ___glGetTexEnvfv
0x00007C40	0x00000020	[  4] ___glGetTexEnviv
0x00007C60	0x00000020	[  4] ___glGetTexEnvxv
0x00007C80	0x00000020	[  4] ___glGetTexParameterfv
0x00007CA0	0x00000020	[  4] ___glGetTexParameteriv
0x00007CC0	0x00000020	[  4] ___glGetTexParameterxv
0x00007CE0	0x00000020	[  4] ___glGetUniformLocation
0x00007D00	0x00000020	[  4] ___glGetUniformfv
0x00007D20	0x00000020	[  4] ___glGetUniformiv
0x00007D40	0x00000020	[  4] ___glGetVertexAttribPointerv
0x00007D60	0x00000020	[  4] ___glGetVertexAttribfv
0x00007D80	0x00000020	[  4] ___glGetVertexAttribiv
0x00007DA0	0x00000020	[  4] ___glHint
0x00007DC0	0x00000030	[  4] ___glIsBuffer
0x00007DF0	0x00000030	[  4] ___glIsEnabled
0x00007E20	0x00000030	[  4] ___glIsFramebuffer
0x00007E50	0x00000030	[  4] ___glIsProgram
0x00007E80	0x00000030	[  4] ___glIsRenderbuffer
0x00007EB0	0x00000030	[  4] ___glIsShader
0x00007EE0	0x00000030	[  4] ___glIsTexture
0x00007F10	0x00000020	[  4] ___glLightModelf
0x00007F30	0x00000020	[  4] ___glLightModelfv
0x00007F50	0x00000020	[  4] ___glLightModelx
0x00007F70	0x00000020	[  4] ___glLightModelxv
0x00007F90	0x00000020	[  4] ___glLightf
0x00007FB0	0x00000020	[  4] ___glLightfv
0x00007FD0	0x00000020	[  4] ___glLightx
0x00007FF0	0x00000020	[  4] ___glLightxv
0x00008010	0x00000020	[  4] ___glLineWidth
0x00008030	0x00000020	[  4] ___glLineWidthx
0x00008050	0x00000020	[  4] ___glLinkProgram
0x00008070	0x00000020	[  4] ___glLoadIdentity
0x00008090	0x00000020	[  4] ___glLoadMatrixf
0x000080B0	0x00000020	[  4] ___glLoadMatrixx
0x000080D0	0x00000020	[  4] ___glLogicOp
0x000080F0	0x00000020	[  4] ___glMaterialf
0x00008110	0x00000020	[  4] ___glMaterialfv
0x00008130	0x00000020	[  4] ___glMaterialx
0x00008150	0x00000020	[  4] ___glMaterialxv
0x00008170	0x00000020	[  4] ___glMatrixIndexPointerOES
0x00008190	0x00000020	[  4] ___glMatrixMode
0x000081B0	0x00000020	[  4] ___glMultMatrixf
0x000081D0	0x00000020	[  4] ___glMultMatrixx
0x000081F0	0x00000020	[  4] ___glMultiTexCoord4f
0x00008210	0x00000020	[  4] ___glMultiTexCoord4x
0x00008230	0x00000020	[  4] ___glNormal3f
0x00008250	0x00000020	[  4] ___glNormal3x
0x00008270	0x00000020	[  4] ___glNormalPointer
0x00008290	0x00000020	[  4] ___glOrthof
0x000082B0	0x00000020	[  4] ___glOrthox
0x000082D0	0x00000020	[  4] ___glPixelStorei
0x000082F0	0x00000020	[  4] ___glPointParameterf
0x00008310	0x00000020	[  4] ___glPointParameterfv
0x00008330	0x00000020	[  4] ___glPointParameterx
0x00008350	0x00000020	[  4] ___glPointParameterxv
0x00008370	0x00000020	[  4] ___glPointSize
0x00008390	0x00000020	[  4] ___glPointSizePointerOES
0x000083B0	0x00000020	[  4] ___glPointSizex
0x000083D0	0x00000020	[  4] ___glPolygonOffset
0x000083F0	0x00000020	[  4] ___glPolygonOffsetx
0x00008410	0x00000020	[  4] ___glPopMatrix
0x00008430	0x00000020	[  4] ___glPushMatrix
0x00008450	0x00000020	[  4] ___glReadPixels
0x00008470	0x00000020	[  4] ___glReleaseShaderCompiler
0x00008490	0x00000020	[  4] ___glRenderbufferStorage
0x000084B0	0x00000020	[  4] ___glRotatef
0x000084D0	0x00000020	[  4] ___glRotatex
0x000084F0	0x00000020	[  4] ___glSampleCoverage
0x00008510	0x00000020	[  4] ___glSampleCoveragex
0x00008530	0x00000020	[  4] ___glScalef
0x00008550	0x00000020	[  4] ___glScalex
0x00008570	0x00000020	[  4] ___glScissor
0x00008590	0x00000020	[  4] ___glShadeModel
0x000085B0	0x00000020	[  4] ___glShaderBinary
0x000085D0	0x00000020	[  4] ___glShaderSource
0x000085F0	0x00000020	[  4] ___glStencilFunc
0x00008610	0x00000020	[  4] ___glStencilFuncSeparate
0x00008630	0x00000020	[  4] ___glStencilMask
0x00008650	0x00000020	[  4] ___glStencilMaskSeparate
0x00008670	0x00000020	[  4] ___glStencilOp
0x00008690	0x00000020	[  4] ___glStencilOpSeparate
0x000086B0	0x00000020	[  4] ___glTexCoordPointer
0x000086D0	0x00000020	[  4] ___glTexEnvf
0x000086F0	0x00000020	[  4] ___glTexEnvfv
0x00008710	0x00000020	[  4] ___glTexEnvi
0x00008730	0x00000020	[  4] ___glTexEnviv
0x00008750	0x00000020	[  4] ___glTexEnvx
0x00008770	0x00000020	[  4] ___glTexEnvxv
0x00008790	0x00000020	[  4] ___glTexImage2D
0x000087B0	0x00000020	[  4] ___glTexParameterf
0x000087D0	0x00000020	[  4] ___glTexParameterfv
0x000087F0	0x00000020	[  4] ___glTexParameteri
0x00008810	0x00000020	[  4] ___glTexParameteriv
0x00008830	0x00000020	[  4] ___glTexParameterx
0x00008850	0x00000020	[  4] ___glTexParameterxv
0x00008870	0x00000020	[  4] ___glTexSubImage2D
0x00008890	0x00000020	[  4] ___glTranslatef
0x000088B0	0x00000020	[  4] ___glTranslatex
0x000088D0	0x00000020	[  4] ___glUniform1f
0x000088F0	0x00000020	[  4] ___glUniform1fv
0x00008910	0x00000020	[  4] ___glUniform1i
0x00008930	0x00000020	[  4] ___glUniform1iv
0x00008950	0x00000020	[  4] ___glUniform2f
0x00008970	0x00000020	[  4] ___glUniform2fv
0x00008990	0x00000020	[  4] ___glUniform2i
0x000089B0	0x00000020	[  4] ___glUniform2iv
0x000089D0	0x00000020	[  4] ___glUniform3f
0x000089F0	0x00000020	[  4] ___glUniform3fv
0x00008A10	0x00000020	[  4] ___glUniform3i
0x00008A30	0x00000020	[  4] ___glUniform3iv
0x00008A50	0x00000020	[  4] ___glUniform4f
0x00008A70	0x00000020	[  4] ___glUniform4fv
0x00008A90	0x00000020	[  4] ___glUniform4i
0x00008AB0	0x00000020	[  4] ___glUniform4iv
0x00008AD0	0x00000020	[  4] ___glUniformMatrix2fv
0x00008AF0	0x00000020	[  4] ___glUniformMatrix3fv
0x00008B10	0x00000020	[  4] ___glUniformMatrix4fv
0x00008B30	0x00000020	[  4] ___glUseProgram
0x00008B50	0x00000020	[  4] ___glValidateProgram
0x00008B70	0x00000020	[  4] ___glVertexAttrib1f
0x00008B90	0x00000020	[  4] ___glVertexAttrib1fv
0x00008BB0	0x00000020	[  4] ___glVertexAttrib2f
0x00008BD0	0x00000020	[  4] ___glVertexAttrib2fv
0x00008BF0	0x00000020	[  4] ___glVertexAttrib3f
0x00008C10	0x00000020	[  4] ___glVertexAttrib3fv
0x00008C30	0x00000020	[  4] ___glVertexAttrib4f
0x00008C50	0x00000020	[  4] ___glVertexAttrib4fv
0x00008C70	0x00000020	[  4] ___glVertexAttribPointer
0x00008C90	0x00000020	[  4] ___glVertexPointer
0x00008CB0	0x00000020	[  4] ___glViewport
0x00008CD0	0x00000020	[  4] ___glWeightPointerOES
0x00008CF0	0x00000020	[  4] ___s3eAccelerometerGetError
0x00008D10	0x00000020	[  4] ___s3eAccelerometerGetErrorString
0x00008D30	0x00000020	[  4] ___s3eAccelerometerGetInt
0x00008D50	0x00000020	[  4] ___s3eAccelerometerGetX
0x00008D70	0x00000020	[  4] ___s3eAccelerometerGetY
0x00008D90	0x00000020	[  4] ___s3eAccelerometerGetZ
0x00008DB0	0x00000020	[  4] ___s3eAccelerometerStart
0x00008DD0	0x00000020	[  4] ___s3eAccelerometerStop
0x00008DF0	0x00000020	[  4] ___s3eAudioGetError
0x00008E10	0x00000020	[  4] ___s3eAudioGetErrorString
0x00008E30	0x00000020	[  4] ___s3eAudioGetInt
0x00008E50	0x00000030	[  4] ___s3eAudioIsCodecSupported
0x00008E80	0x00000020	[  4] ___s3eAudioIsPlaying
0x00008EA0	0x00000020	[  4] ___s3eAudioPause
0x00008EC0	0x00000020	[  4] ___s3eAudioPlay
0x00008EE0	0x00000020	[  4] ___s3eAudioPlayFromBuffer
0x00008F00	0x00000020	[  4] ___s3eAudioRegister
0x00008F20	0x00000020	[  4] ___s3eAudioResume
0x00008F40	0x00000020	[  4] ___s3eAudioSetInt
0x00008F60	0x00000020	[  4] ___s3eAudioStop
0x00008F80	0x00000020	[  4] ___s3eAudioUnRegister
0x00008FA0	0x00000020	[  4] ___s3eCompressionDecomp
0x00008FC0	0x00000020	[  4] ___s3eCompressionDecompFinal
0x00008FE0	0x00000020	[  4] ___s3eCompressionDecompInit
0x00009000	0x00000020	[  4] ___s3eCompressionDecompRead
0x00009020	0x00000020	[  4] ___s3eCompressionGetError
0x00009040	0x00000020	[  4] ___s3eCompressionGetErrorString
0x00009060	0x00000020	[  4] ___s3eConfigGetError
0x00009080	0x00000020	[  4] ___s3eConfigGetErrorString
0x000090A0	0x00000020	[  4] ___s3eConfigGetInt
0x000090C0	0x00000020	[  4] ___s3eConfigGetIntHash
0x000090E0	0x00000020	[  4] ___s3eConfigGetString
0x00009100	0x00000020	[  4] ___s3eConfigGetStringHash
0x00009120	0x00000020	[  4] ___s3eCryptoGetError
0x00009140	0x00000020	[  4] ___s3eCryptoGetErrorString
0x00009160	0x00000020	[  4] ___s3eCryptoRand
0x00009180	0x00000020	[  4] ___s3eCryptoSha1
0x000091A0	0x00000020	[  4] ___s3eCryptoSha1Final
0x000091C0	0x00000020	[  4] ___s3eCryptoSha1Init
0x000091E0	0x00000020	[  4] ___s3eCryptoSha1Update
0x00009200	0x00000020	[  4] ___s3eCryptoVerifyRsa
0x00009220	0x00000020	[  4] ___s3eDebugAssertShow
0x00009240	0x00000020	[  4] ___s3eDebugErrorShow
0x00009260	0x00000020	[  4] ___s3eDebugGetError
0x00009280	0x00000020	[  4] ___s3eDebugGetErrorString
0x000092A0	0x00000020	[  4] ___s3eDebugGetInt
0x000092C0	0x00000020	[  4] ___s3eDebugIsDebuggerPresent
0x000092E0	0x00000020	[  4] ___s3eDebugOutputString
0x00009300	0x00000020	[  4] ___s3eDebugPrint
0x00009320	0x00000020	[  4] ___s3eDebugRegister
0x00009340	0x00000020	[  4] ___s3eDebugSetInt
0x00009360	0x00000030	[  4] ___s3eDebugTraceChannelSwitch
0x00009390	0x00000020	[  4] ___s3eDebugTraceClearFile
0x000093B0	0x00000020	[  4] ___s3eDebugTraceFlush
0x000093D0	0x00000020	[  4] ___s3eDebugTraceLine
0x000093F0	0x00000020	[  4] ___s3eDebugUnRegister
0x00009410	0x00000020	[  4] ___s3eDeviceBacklightOn
0x00009430	0x00000020	[  4] ___s3eDeviceCheckPauseRequest
0x00009450	0x00000020	[  4] ___s3eDeviceCheckQuitRequest
0x00009470	0x00000020	[  4] ___s3eDeviceExecPushNext
0x00009490	0x00000020	[  4] ___s3eDeviceExit
0x000094B0	0x00000020	[  4] ___s3eDeviceGetError
0x000094D0	0x00000020	[  4] ___s3eDeviceGetErrorString
0x000094F0	0x00000020	[  4] ___s3eDeviceGetInt
0x00009510	0x00000020	[  4] ___s3eDeviceGetString
0x00009530	0x00000020	[  4] ___s3eDeviceLoaderCallDone
0x00009550	0x00000020	[  4] ___s3eDeviceLoaderCallStart
0x00009570	0x00000020	[  4] ___s3eDeviceNetworkCheckStart
0x00009590	0x00000020	[  4] ___s3eDeviceNetworkCheckStop
0x000095B0	0x00000020	[  4] ___s3eDeviceRegister
0x000095D0	0x00000020	[  4] ___s3eDeviceRequestQuit
0x000095F0	0x00000020	[  4] ___s3eDeviceSetInt
0x00009610	0x00000020	[  4] ___s3eDeviceUnRegister
0x00009630	0x00000020	[  4] ___s3eDeviceUnYield
0x00009650	0x00000020	[  4] ___s3eDeviceYield
0x00009670	0x00000020	[  4] ___s3eDeviceYieldUntilEvent
0x00009690	0x00000020	[  4] ___s3eExtGet
0x000096B0	0x00000020	[  4] ___s3eExtGetError
0x000096D0	0x00000020	[  4] ___s3eExtGetErrorString
0x000096F0	0x00000020	[  4] ___s3eExtGetHash
0x00009710	0x00000020	[  4] ___s3eFileAddUserFileSys
0x00009730	0x00000030	[  4] ___s3eFileCheckExists
0x00009760	0x00000020	[  4] ___s3eFileClose
0x00009780	0x00000020	[  4] ___s3eFileDelete
0x000097A0	0x00000020	[  4] ___s3eFileDeleteDirectory
0x000097C0	0x00000030	[  4] ___s3eFileEOF
0x000097F0	0x00000020	[  4] ___s3eFileFlush
0x00009810	0x00000020	[  4] ___s3eFileGetChar
0x00009830	0x00000020	[  4] ___s3eFileGetError
0x00009850	0x00000020	[  4] ___s3eFileGetErrorString
0x00009870	0x00000020	[  4] ___s3eFileGetFileInt
0x00009890	0x00000020	[  4] ___s3eFileGetFileString
0x000098B0	0x00000020	[  4] ___s3eFileGetFree
0x000098D0	0x00000020	[  4] ___s3eFileGetInt
0x000098F0	0x00000020	[  4] ___s3eFileGetLastWriteTime
0x00009910	0x00000020	[  4] ___s3eFileGetSize
0x00009930	0x00000020	[  4] ___s3eFileListClose
0x00009950	0x00000020	[  4] ___s3eFileListDirectory
0x00009970	0x00000020	[  4] ___s3eFileListNext
0x00009990	0x00000020	[  4] ___s3eFileMakeDirectory
0x000099B0	0x00000020	[  4] ___s3eFileOpen
0x000099D0	0x00000020	[  4] ___s3eFileOpenFromMemory
0x000099F0	0x00000020	[  4] ___s3eFilePutChar
0x00009A10	0x00000020	[  4] ___s3eFileRead
0x00009A30	0x00000020	[  4] ___s3eFileReadString
0x00009A50	0x00000020	[  4] ___s3eFileRemoveUserFileSys
0x00009A70	0x00000020	[  4] ___s3eFileRename
0x00009A90	0x00000020	[  4] ___s3eFileSeek
0x00009AB0	0x00000020	[  4] ___s3eFileSetInt
0x00009AD0	0x00000020	[  4] ___s3eFileTell
0x00009AF0	0x00000020	[  4] ___s3eFileTruncate
0x00009B10	0x00000020	[  4] ___s3eFileWrite
0x00009B30	0x00000020	[  4] ___s3eFree
0x00009B50	0x00000020	[  4] ___s3eFreeBase
0x00009B70	0x00000020	[  4] ___s3eGLGetError
0x00009B90	0x00000020	[  4] ___s3eGLGetErrorString
0x00009BB0	0x00000020	[  4] ___s3eGLGetInt
0x00009BD0	0x00000020	[  4] ___s3eGLGetNativeWindow
0x00009BF0	0x00000020	[  4] ___s3eGLRegister
0x00009C10	0x00000020	[  4] ___s3eGLUnRegister
0x00009C30	0x00000020	[  4] ___s3eGLUnavailable
0x00009C50	0x00000020	[  4] ___s3eInetAton
0x00009C70	0x00000020	[  4] ___s3eInetHtonl
0x00009C90	0x00000030	[  4] ___s3eInetHtons
0x00009CC0	0x00000020	[  4] ___s3eInetLookup
0x00009CE0	0x00000020	[  4] ___s3eInetLookupCancel
0x00009D00	0x00000020	[  4] ___s3eInetNtoa
0x00009D20	0x00000020	[  4] ___s3eInetNtohl
0x00009D40	0x00000030	[  4] ___s3eInetNtohs
0x00009D70	0x00000020	[  4] ___s3eInetToString
0x00009D90	0x00000020	[  4] ___s3eKeyboardAnyKey
0x00009DB0	0x00000020	[  4] ___s3eKeyboardClearState
0x00009DD0	0x00000020	[  4] ___s3eKeyboardGetChar
0x00009DF0	0x00000020	[  4] ___s3eKeyboardGetDisplayName
0x00009E10	0x00000020	[  4] ___s3eKeyboardGetError
0x00009E30	0x00000020	[  4] ___s3eKeyboardGetErrorString
0x00009E50	0x00000020	[  4] ___s3eKeyboardGetInt
0x00009E70	0x00000020	[  4] ___s3eKeyboardGetState
0x00009E90	0x00000020	[  4] ___s3eKeyboardRegister
0x00009EB0	0x00000020	[  4] ___s3eKeyboardSetInt
0x00009ED0	0x00000020	[  4] ___s3eKeyboardUnRegister
0x00009EF0	0x00000020	[  4] ___s3eKeyboardUpdate
0x00009F10	0x00000020	[  4] ___s3eLicenseBuy
0x00009F30	0x00000020	[  4] ___s3eLicenseGetError
0x00009F50	0x00000020	[  4] ___s3eLicenseGetErrorString
0x00009F70	0x00000020	[  4] ___s3eLicenseGetInt
0x00009F90	0x00000020	[  4] ___s3eMalloc
0x00009FB0	0x00000020	[  4] ___s3eMallocBase
0x00009FD0	0x00000020	[  4] ___s3eMemoryGetError
0x00009FF0	0x00000020	[  4] ___s3eMemoryGetErrorString
0x0000A010	0x00000020	[  4] ___s3eMemoryGetInt
0x0000A030	0x00000020	[  4] ___s3eMemoryGetUserMemMgr
0x0000A050	0x00000020	[  4] ___s3eMemoryHeapAddress
0x0000A070	0x00000020	[  4] ___s3eMemoryHeapCreate
0x0000A090	0x00000020	[  4] ___s3eMemoryHeapDestroy
0x0000A0B0	0x00000020	[  4] ___s3eMemorySetInt
0x0000A0D0	0x00000020	[  4] ___s3eMemorySetUserMemMgr
0x0000A0F0	0x00000020	[  4] ___s3ePointerGetError
0x0000A110	0x00000020	[  4] ___s3ePointerGetErrorString
0x0000A130	0x00000020	[  4] ___s3ePointerGetInt
0x0000A150	0x00000020	[  4] ___s3ePointerGetState
0x0000A170	0x00000020	[  4] ___s3ePointerGetTouchState
0x0000A190	0x00000020	[  4] ___s3ePointerGetTouchX
0x0000A1B0	0x00000020	[  4] ___s3ePointerGetTouchY
0x0000A1D0	0x00000020	[  4] ___s3ePointerGetX
0x0000A1F0	0x00000020	[  4] ___s3ePointerGetY
0x0000A210	0x00000020	[  4] ___s3ePointerRegister
0x0000A230	0x00000020	[  4] ___s3ePointerSetInt
0x0000A250	0x00000020	[  4] ___s3ePointerUnRegister
0x0000A270	0x00000020	[  4] ___s3ePointerUpdate
0x0000A290	0x00000020	[  4] ___s3eRealloc
0x0000A2B0	0x00000020	[  4] ___s3eReallocBase
0x0000A2D0	0x00000020	[  4] ___s3eSecureStorageGet
0x0000A2F0	0x00000020	[  4] ___s3eSecureStorageGetError
0x0000A310	0x00000020	[  4] ___s3eSecureStorageGetErrorString
0x0000A330	0x00000020	[  4] ___s3eSecureStoragePut
0x0000A350	0x00000020	[  4] ___s3eSocketAccept
0x0000A370	0x00000020	[  4] ___s3eSocketBind
0x0000A390	0x00000020	[  4] ___s3eSocketClose
0x0000A3B0	0x00000020	[  4] ___s3eSocketConnect
0x0000A3D0	0x00000020	[  4] ___s3eSocketCreate
0x0000A3F0	0x00000020	[  4] ___s3eSocketGetError
0x0000A410	0x00000020	[  4] ___s3eSocketGetErrorString
0x0000A430	0x00000020	[  4] ___s3eSocketGetInt
0x0000A450	0x00000020	[  4] ___s3eSocketGetLocalName
0x0000A470	0x00000020	[  4] ___s3eSocketGetPeerName
0x0000A490	0x00000020	[  4] ___s3eSocketGetString
0x0000A4B0	0x00000020	[  4] ___s3eSocketListen
0x0000A4D0	0x00000020	[  4] ___s3eSocketReadable
0x0000A4F0	0x00000020	[  4] ___s3eSocketRecv
0x0000A510	0x00000020	[  4] ___s3eSocketRecvFrom
0x0000A530	0x00000020	[  4] ___s3eSocketSend
0x0000A550	0x00000020	[  4] ___s3eSocketSendTo
0x0000A570	0x00000020	[  4] ___s3eSocketWritable
0x0000A590	0x00000020	[  4] ___s3eSoundChannelGetInt
0x0000A5B0	0x00000020	[  4] ___s3eSoundChannelPause
0x0000A5D0	0x00000020	[  4] ___s3eSoundChannelPlay
0x0000A5F0	0x00000020	[  4] ___s3eSoundChannelRegister
0x0000A610	0x00000020	[  4] ___s3eSoundChannelResume
0x0000A630	0x00000020	[  4] ___s3eSoundChannelSetInt
0x0000A650	0x00000020	[  4] ___s3eSoundChannelStop
0x0000A670	0x00000020	[  4] ___s3eSoundChannelUnRegister
0x0000A690	0x00000020	[  4] ___s3eSoundGetError
0x0000A6B0	0x00000020	[  4] ___s3eSoundGetErrorString
0x0000A6D0	0x00000020	[  4] ___s3eSoundGetFreeChannel
0x0000A6F0	0x00000020	[  4] ___s3eSoundGetInt
0x0000A710	0x00000020	[  4] ___s3eSoundPauseAllChannels
0x0000A730	0x00000020	[  4] ___s3eSoundResumeAllChannels
0x0000A750	0x00000020	[  4] ___s3eSoundSetInt
0x0000A770	0x00000020	[  4] ___s3eSoundStopAllChannels
0x0000A790	0x00000020	[  4] ___s3eSurfaceConvertRGB
0x0000A7B0	0x00000020	[  4] ___s3eSurfaceGetError
0x0000A7D0	0x00000020	[  4] ___s3eSurfaceGetErrorString
0x0000A7F0	0x00000020	[  4] ___s3eSurfaceGetInt
0x0000A810	0x00000020	[  4] ___s3eSurfaceInvalidate
0x0000A830	0x00000020	[  4] ___s3eSurfacePtr
0x0000A850	0x00000020	[  4] ___s3eSurfaceRegister
0x0000A870	0x00000020	[  4] ___s3eSurfaceSetDisplayID
0x0000A890	0x00000020	[  4] ___s3eSurfaceSetInt
0x0000A8B0	0x00000020	[  4] ___s3eSurfaceSetup
0x0000A8D0	0x00000020	[  4] ___s3eSurfaceShow
0x0000A8F0	0x00000020	[  4] ___s3eSurfaceUnRegister
0x0000A910	0x00000020	[  4] ___s3eTimerCancelTimer
0x0000A930	0x00000020	[  4] ___s3eTimerGetError
0x0000A950	0x00000020	[  4] ___s3eTimerGetErrorString
0x0000A970	0x00000020	[  4] ___s3eTimerGetInt
0x0000A990	0x00000020	[  4] ___s3eTimerGetLocaltimeOffset
0x0000A9B0	0x00000020	[  4] ___s3eTimerGetMs
0x0000A9D0	0x00000020	[  4] ___s3eTimerGetUST
0x0000A9F0	0x00000020	[  4] ___s3eTimerGetUTC
0x0000AA10	0x00000020	[  4] ___s3eTimerSetTimer
0x0000AA30	0x00000020	[  4] ___s3eVibraGetError
0x0000AA50	0x00000020	[  4] ___s3eVibraGetErrorString
0x0000AA70	0x00000020	[  4] ___s3eVibraGetInt
0x0000AA90	0x00000020	[  4] ___s3eVibraSetInt
0x0000AAB0	0x00000020	[  4] ___s3eVibraStop
0x0000AAD0	0x00000020	[  4] ___s3eVibraVibrate
0x0000AAF0	0x00000020	[  4] ___s3eVideoGetError
0x0000AB10	0x00000020	[  4] ___s3eVideoGetErrorString
0x0000AB30	0x00000020	[  4] ___s3eVideoGetInt
0x0000AB50	0x00000030	[  4] ___s3eVideoIsCodecSupported
0x0000AB80	0x00000020	[  4] ___s3eVideoIsPlaying
0x0000ABA0	0x00000020	[  4] ___s3eVideoPause
0x0000ABC0	0x00000020	[  4] ___s3eVideoPlay
0x0000ABE0	0x00000020	[  4] ___s3eVideoPlayFromBuffer
0x0000AC00	0x00000020	[  4] ___s3eVideoRegister
0x0000AC20	0x00000020	[  4] ___s3eVideoResume
0x0000AC40	0x00000020	[  4] ___s3eVideoSetInt
0x0000AC60	0x00000020	[  4] ___s3eVideoStop
0x0000AC80	0x00000020	[  4] ___s3eVideoUnRegister
0x0000ACA0	0x00000020	[  4] ___s3eEdkCallbacksEnqueue
0x0000ACC0	0x00000020	[  4] ___s3eEdkCallbacksIsRegistered
0x0000ACE0	0x00000020	[  4] ___s3eEdkCallbacksRegister
0x0000AD00	0x00000020	[  4] ___s3eEdkCallbacksRegisterInternal
0x0000AD20	0x00000020	[  4] ___s3eEdkCallbacksRegisterSpecific
0x0000AD40	0x00000020	[  4] ___s3eEdkCallbacksUnRegister
0x0000AD60	0x00000020	[  4] ___s3eEdkCallbacksUnRegisterDevice
0x0000AD80	0x00000020	[  4] ___s3eEdkErrorGet
0x0000ADA0	0x00000020	[  4] ___s3eEdkErrorGetString
0x0000ADC0	0x00000020	[  4] ___s3eEdkErrorSet
0x0000ADE0	0x00000020	[  4] ___s3eEdkErrorSetStringV
0x0000AE00	0x00000020	[  4] ___s3eEdkFreeOS
0x0000AE20	0x00000020	[  4] ___s3eEdkGetAppVersionMajor
0x0000AE40	0x00000020	[  4] ___s3eEdkGetAppVersionMinor
0x0000AE60	0x00000020	[  4] ___s3eEdkGlobalsGet
0x0000AE80	0x00000020	[  4] ___s3eEdkIsInitialised
0x0000AEA0	0x00000020	[  4] ___s3eEdkLibraryClose
0x0000AEC0	0x00000020	[  4] ___s3eEdkLibraryError
0x0000AEE0	0x00000020	[  4] ___s3eEdkLibraryGetSymbol
0x0000AF00	0x00000020	[  4] ___s3eEdkLibraryOpen
0x0000AF20	0x00000020	[  4] ___s3eEdkMallocOS
0x0000AF40	0x00000020	[  4] ___s3eEdkReallocOS
0x0000AF60	0x00000020	[  4] ___s3eEdkRegister
0x0000AF80	0x00000020	[  4] ___s3eEdkThreadRunOnOSAsyncV
0x0000AFA0	0x00000020	[  4] ___s3eEdkThreadRunOnOSV
0x0000AFC0	0x00000020	[  4] ___s3eEdkThreadSetResumed
0x0000AFE0	0x00000020	[  4] ___s3eEdkThreadSetSuspended
0x0000B000	0x00000018	[  4] ___s3eEdkThreadSleep
0x0000B020	0x00000020	[  4] _eglBindAPI
0x0000B040	0x00000020	[  4] _eglBindTexImage
0x0000B060	0x00000020	[  4] _eglChooseConfig
0x0000B080	0x00000020	[  4] _eglCopyBuffers
0x0000B0A0	0x00000020	[  4] _eglCreateContext
0x0000B0C0	0x00000020	[  4] _eglCreatePbufferFromClientBuffer
0x0000B0E0	0x00000020	[  4] _eglCreatePbufferSurface
0x0000B100	0x00000020	[  4] _eglCreatePixmapSurface
0x0000B120	0x00000020	[  4] _eglCreateWindowSurface
0x0000B140	0x00000020	[  4] _eglDestroyContext
0x0000B160	0x00000020	[  4] _eglDestroySurface
0x0000B180	0x00000020	[  4] _eglGetConfigAttrib
0x0000B1A0	0x00000020	[  4] _eglGetConfigs
0x0000B1C0	0x00000020	[  4] _eglGetCurrentContext
0x0000B1E0	0x00000020	[  4] _eglGetCurrentDisplay
0x0000B200	0x00000020	[  4] _eglGetCurrentSurface
0x0000B220	0x00000020	[  4] _eglGetDisplay
0x0000B240	0x00000020	[  4] _eglGetError
0x0000B260	0x00000020	[  4] _eglGetProcAddress
0x0000B280	0x00000020	[  4] _eglInitialize
0x0000B2A0	0x00000020	[  4] _eglMakeCurrent
0x0000B2C0	0x00000020	[  4] _eglQueryAPI
0x0000B2E0	0x00000020	[  4] _eglQueryContext
0x0000B300	0x00000020	[  4] _eglQueryString
0x0000B320	0x00000020	[  4] _eglQuerySurface
0x0000B340	0x00000020	[  4] _eglReleaseTexImage
0x0000B360	0x00000020	[  4] _eglReleaseThread
0x0000B380	0x00000020	[  4] _eglSurfaceAttrib
0x0000B3A0	0x00000020	[  4] _eglSwapBuffers
0x0000B3C0	0x00000020	[  4] _eglSwapInterval
0x0000B3E0	0x00000020	[  4] _eglTerminate
0x0000B400	0x00000020	[  4] _eglWaitClient
0x0000B420	0x00000020	[  4] _eglWaitGL
0x0000B440	0x00000020	[  4] _eglWaitNative
0x0000B460	0x00000020	[  4] _glActiveTexture
0x0000B480	0x00000020	[  4] _glAlphaFunc
0x0000B4A0	0x00000020	[  4] _glAlphaFuncx
0x0000B4C0	0x00000020	[  4] _glAttachShader
0x0000B4E0	0x00000020	[  4] _glBindAttribLocation
0x0000B500	0x00000020	[  4] _glBindBuffer
0x0000B520	0x00000020	[  4] _glBindFramebuffer
0x0000B540	0x00000020	[  4] _glBindRenderbuffer
0x0000B560	0x00000020	[  4] _glBindTexture
0x0000B580	0x00000020	[  4] _glBlendColor
0x0000B5A0	0x00000020	[  4] _glBlendEquation
0x0000B5C0	0x00000020	[  4] _glBlendEquationSeparate
0x0000B5E0	0x00000020	[  4] _glBlendFunc
0x0000B600	0x00000020	[  4] _glBlendFuncSeparate
0x0000B620	0x00000020	[  4] _glBufferData
0x0000B640	0x00000020	[  4] _glBufferSubData
0x0000B660	0x00000020	[  4] _glCheckFramebufferStatus
0x0000B680	0x00000020	[  4] _glClear
0x0000B6A0	0x00000020	[  4] _glClearColor
0x0000B6C0	0x00000020	[  4] _glClearColorx
0x0000B6E0	0x00000020	[  4] _glClearDepthf
0x0000B700	0x00000020	[  4] _glClearDepthx
0x0000B720	0x00000020	[  4] _glClearStencil
0x0000B740	0x00000020	[  4] _glClientActiveTexture
0x0000B760	0x00000020	[  4] _glClipPlanef
0x0000B780	0x00000020	[  4] _glClipPlanex
0x0000B7A0	0x00000020	[  4] _glColor4f
0x0000B7C0	0x00000020	[  4] _glColor4ub
0x0000B7E0	0x00000020	[  4] _glColor4x
0x0000B800	0x00000020	[  4] _glColorMask
0x0000B820	0x00000020	[  4] _glColorPointer
0x0000B840	0x00000020	[  4] _glCompileShader
0x0000B860	0x00000020	[  4] _glCompressedTexImage2D
0x0000B880	0x00000020	[  4] _glCompressedTexSubImage2D
0x0000B8A0	0x00000020	[  4] _glCopyTexImage2D
0x0000B8C0	0x00000020	[  4] _glCopyTexSubImage2D
0x0000B8E0	0x00000020	[  4] _glCreateProgram
0x0000B900	0x00000020	[  4] _glCreateShader
0x0000B920	0x00000020	[  4] _glCullFace
0x0000B940	0x00000020	[  4] _glCurrentPaletteMatrixOES
0x0000B960	0x00000020	[  4] _glDeleteBuffers
0x0000B980	0x00000020	[  4] _glDeleteFramebuffers
0x0000B9A0	0x00000020	[  4] _glDeleteProgram
0x0000B9C0	0x00000020	[  4] _glDeleteRenderbuffers
0x0000B9E0	0x00000020	[  4] _glDeleteShader
0x0000BA00	0x00000020	[  4] _glDeleteTextures
0x0000BA20	0x00000020	[  4] _glDepthFunc
0x0000BA40	0x00000020	[  4] _glDepthMask
0x0000BA60	0x00000020	[  4] _glDepthRangef
0x0000BA80	0x00000020	[  4] _glDepthRangex
0x0000BAA0	0x00000020	[  4] _glDetachShader
0x0000BAC0	0x00000020	[  4] _glDisable
0x0000BAE0	0x00000020	[  4] _glDisableClientState
0x0000BB00	0x00000020	[  4] _glDisableVertexAttribArray
0x0000BB20	0x00000020	[  4] _glDrawArrays
0x0000BB40	0x00000020	[  4] _glDrawElements
0x0000BB60	0x00000020	[  4] _glEnable
0x0000BB80	0x00000020	[  4] _glEnableClientState
0x0000BBA0	0x00000020	[  4] _glEnableVertexAttribArray
0x0000BBC0	0x00000020	[  4] _glFinish
0x0000BBE0	0x00000020	[  4] _glFlush
0x0000BC00	0x00000020	[  4] _glFogf
0x0000BC20	0x00000020	[  4] _glFogfv
0x0000BC40	0x00000020	[  4] _glFogx
0x0000BC60	0x00000020	[  4] _glFogxv
0x0000BC80	0x00000020	[  4] _glFramebufferRenderbuffer
0x0000BCA0	0x00000020	[  4] _glFramebufferTexture2D
0x0000BCC0	0x00000020	[  4] _glFrontFace
0x0000BCE0	0x00000020	[  4] _glFrustumf
0x0000BD00	0x00000020	[  4] _glFrustumx
0x0000BD20	0x00000020	[  4] _glGenBuffers
0x0000BD40	0x00000020	[  4] _glGenFramebuffers
0x0000BD60	0x00000020	[  4] _glGenRenderbuffers
0x0000BD80	0x00000020	[  4] _glGenTextures
0x0000BDA0	0x00000020	[  4] _glGenerateMipmap
0x0000BDC0	0x00000020	[  4] _glGetActiveAttrib
0x0000BDE0	0x00000020	[  4] _glGetActiveUniform
0x0000BE00	0x00000020	[  4] _glGetAttachedShaders
0x0000BE20	0x00000020	[  4] _glGetAttribLocation
0x0000BE40	0x00000020	[  4] _glGetBooleanv
0x0000BE60	0x00000020	[  4] _glGetBufferParameteriv
0x0000BE80	0x00000020	[  4] _glGetClipPlanef
0x0000BEA0	0x00000020	[  4] _glGetClipPlanex
0x0000BEC0	0x00000020	[  4] _glGetError
0x0000BEE0	0x00000020	[  4] _glGetFixedv
0x0000BF00	0x00000020	[  4] _glGetFloatv
0x0000BF20	0x00000020	[  4] _glGetFramebufferAttachmentParameteriv
0x0000BF40	0x00000020	[  4] _glGetIntegerv
0x0000BF60	0x00000020	[  4] _glGetLightfv
0x0000BF80	0x00000020	[  4] _glGetLightxv
0x0000BFA0	0x00000020	[  4] _glGetMaterialfv
0x0000BFC0	0x00000020	[  4] _glGetMaterialxv
0x0000BFE0	0x00000020	[  4] _glGetPointerv
0x0000C000	0x00000020	[  4] _glGetProgramInfoLog
0x0000C020	0x00000020	[  4] _glGetProgramiv
0x0000C040	0x00000020	[  4] _glGetRenderbufferParameteriv
0x0000C060	0x00000020	[  4] _glGetShaderInfoLog
0x0000C080	0x00000020	[  4] _glGetShaderPrecisionFormat
0x0000C0A0	0x00000020	[  4] _glGetShaderSource
0x0000C0C0	0x00000020	[  4] _glGetShaderiv
0x0000C0E0	0x00000020	[  4] _glGetString
0x0000C100	0x00000020	[  4] _glGetTexEnvfv
0x0000C120	0x00000020	[  4] _glGetTexEnviv
0x0000C140	0x00000020	[  4] _glGetTexEnvxv
0x0000C160	0x00000020	[  4] _glGetTexParameterfv
0x0000C180	0x00000020	[  4] _glGetTexParameteriv
0x0000C1A0	0x00000020	[  4] _glGetTexParameterxv
0x0000C1C0	0x00000020	[  4] _glGetUniformLocation
0x0000C1E0	0x00000020	[  4] _glGetUniformfv
0x0000C200	0x00000020	[  4] _glGetUniformiv
0x0000C220	0x00000020	[  4] _glGetVertexAttribPointerv
0x0000C240	0x00000020	[  4] _glGetVertexAttribfv
0x0000C260	0x00000020	[  4] _glGetVertexAttribiv
0x0000C280	0x00000020	[  4] _glHint
0x0000C2A0	0x00000030	[  4] _glIsBuffer
0x0000C2D0	0x00000030	[  4] _glIsEnabled
0x0000C300	0x00000030	[  4] _glIsFramebuffer
0x0000C330	0x00000030	[  4] _glIsProgram
0x0000C360	0x00000030	[  4] _glIsRenderbuffer
0x0000C390	0x00000030	[  4] _glIsShader
0x0000C3C0	0x00000030	[  4] _glIsTexture
0x0000C3F0	0x00000020	[  4] _glLightModelf
0x0000C410	0x00000020	[  4] _glLightModelfv
0x0000C430	0x00000020	[  4] _glLightModelx
0x0000C450	0x00000020	[  4] _glLightModelxv
0x0000C470	0x00000020	[  4] _glLightf
0x0000C490	0x00000020	[  4] _glLightfv
0x0000C4B0	0x00000020	[  4] _glLightx
0x0000C4D0	0x00000020	[  4] _glLightxv
0x0000C4F0	0x00000020	[  4] _glLineWidth
0x0000C510	0x00000020	[  4] _glLineWidthx
0x0000C530	0x00000020	[  4] _glLinkProgram
0x0000C550	0x00000020	[  4] _glLoadIdentity
0x0000C570	0x00000020	[  4] _glLoadMatrixf
0x0000C590	0x00000020	[  4] _glLoadMatrixx
0x0000C5B0	0x00000020	[  4] _glLogicOp
0x0000C5D0	0x00000020	[  4] _glMaterialf
0x0000C5F0	0x00000020	[  4] _glMaterialfv
0x0000C610	0x00000020	[  4] _glMaterialx
0x0000C630	0x00000020	[  4] _glMaterialxv
0x0000C650	0x00000020	[  4] _glMatrixIndexPointerOES
0x0000C670	0x00000020	[  4] _glMatrixMode
0x0000C690	0x00000020	[  4] _glMultMatrixf
0x0000C6B0	0x00000020	[  4] _glMultMatrixx
0x0000C6D0	0x00000020	[  4] _glMultiTexCoord4f
0x0000C6F0	0x00000020	[  4] _glMultiTexCoord4x
0x0000C710	0x00000020	[  4] _glNormal3f
0x0000C730	0x00000020	[  4] _glNormal3x
0x0000C750	0x00000020	[  4] _glNormalPointer
0x0000C770	0x00000020	[  4] _glOrthof
0x0000C790	0x00000020	[  4] _glOrthox
0x0000C7B0	0x00000020	[  4] _glPixelStorei
0x0000C7D0	0x00000020	[  4] _glPointParameterf
0x0000C7F0	0x00000020	[  4] _glPointParameterfv
0x0000C810	0x00000020	[  4] _glPointParameterx
0x0000C830	0x00000020	[  4] _glPointParameterxv
0x0000C850	0x00000020	[  4] _glPointSize
0x0000C870	0x00000020	[  4] _glPointSizePointerOES
0x0000C890	0x00000020	[  4] _glPointSizex
0x0000C8B0	0x00000020	[  4] _glPolygonOffset
0x0000C8D0	0x00000020	[  4] _glPolygonOffsetx
0x0000C8F0	0x00000020	[  4] _glPopMatrix
0x0000C910	0x00000020	[  4] _glPushMatrix
0x0000C930	0x00000020	[  4] _glReadPixels
0x0000C950	0x00000020	[  4] _glReleaseShaderCompiler
0x0000C970	0x00000020	[  4] _glRenderbufferStorage
0x0000C990	0x00000020	[  4] _glRotatef
0x0000C9B0	0x00000020	[  4] _glRotatex
0x0000C9D0	0x00000020	[  4] _glSampleCoverage
0x0000C9F0	0x00000020	[  4] _glSampleCoveragex
0x0000CA10	0x00000020	[  4] _glScalef
0x0000CA30	0x00000020	[  4] _glScalex
0x0000CA50	0x00000020	[  4] _glScissor
0x0000CA70	0x00000020	[  4] _glShadeModel
0x0000CA90	0x00000020	[  4] _glShaderBinary
0x0000CAB0	0x00000020	[  4] _glShaderSource
0x0000CAD0	0x00000020	[  4] _glStencilFunc
0x0000CAF0	0x00000020	[  4] _glStencilFuncSeparate
0x0000CB10	0x00000020	[  4] _glStencilMask
0x0000CB30	0x00000020	[  4] _glStencilMaskSeparate
0x0000CB50	0x00000020	[  4] _glStencilOp
0x0000CB70	0x00000020	[  4] _glStencilOpSeparate
0x0000CB90	0x00000020	[  4] _glTexCoordPointer
0x0000CBB0	0x00000020	[  4] _glTexEnvf
0x0000CBD0	0x00000020	[  4] _glTexEnvfv
0x0000CBF0	0x00000020	[  4] _glTexEnvi
0x0000CC10	0x00000020	[  4] _glTexEnviv
0x0000CC30	0x00000020	[  4] _glTexEnvx
0x0000CC50	0x00000020	[  4] _glTexEnvxv
0x0000CC70	0x00000020	[  4] _glTexImage2D
0x0000CC90	0x00000020	[  4] _glTexParameterf
0x0000CCB0	0x00000020	[  4] _glTexParameterfv
0x0000CCD0	0x00000020	[  4] _glTexParameteri
0x0000CCF0	0x00000020	[  4] _glTexParameteriv
0x0000CD10	0x00000020	[  4] _glTexParameterx
0x0000CD30	0x00000020	[  4] _glTexParameterxv
0x0000CD50	0x00000020	[  4] _glTexSubImage2D
0x0000CD70	0x00000020	[  4] _glTranslatef
0x0000CD90	0x00000020	[  4] _glTranslatex
0x0000CDB0	0x00000020	[  4] _glUniform1f
0x0000CDD0	0x00000020	[  4] _glUniform1fv
0x0000CDF0	0x00000020	[  4] _glUniform1i
0x0000CE10	0x00000020	[  4] _glUniform1iv
0x0000CE30	0x00000020	[  4] _glUniform2f
0x0000CE50	0x00000020	[  4] _glUniform2fv
0x0000CE70	0x00000020	[  4] _glUniform2i
0x0000CE90	0x00000020	[  4] _glUniform2iv
0x0000CEB0	0x00000020	[  4] _glUniform3f
0x0000CED0	0x00000020	[  4] _glUniform3fv
0x0000CEF0	0x00000020	[  4] _glUniform3i
0x0000CF10	0x00000020	[  4] _glUniform3iv
0x0000CF30	0x00000020	[  4] _glUniform4f
0x0000CF50	0x00000020	[  4] _glUniform4fv
0x0000CF70	0x00000020	[  4] _glUniform4i
0x0000CF90	0x00000020	[  4] _glUniform4iv
0x0000CFB0	0x00000020	[  4] _glUniformMatrix2fv
0x0000CFD0	0x00000020	[  4] _glUniformMatrix3fv
0x0000CFF0	0x00000020	[  4] _glUniformMatrix4fv
0x0000D010	0x00000020	[  4] _glUseProgram
0x0000D030	0x00000020	[  4] _glValidateProgram
0x0000D050	0x00000020	[  4] _glVertexAttrib1f
0x0000D070	0x00000020	[  4] _glVertexAttrib1fv
0x0000D090	0x00000020	[  4] _glVertexAttrib2f
0x0000D0B0	0x00000020	[  4] _glVertexAttrib2fv
0x0000D0D0	0x00000020	[  4] _glVertexAttrib3f
0x0000D0F0	0x00000020	[  4] _glVertexAttrib3fv
0x0000D110	0x00000020	[  4] _glVertexAttrib4f
0x0000D130	0x00000020	[  4] _glVertexAttrib4fv
0x0000D150	0x00000020	[  4] _glVertexAttribPointer
0x0000D170	0x00000020	[  4] _glVertexPointer
0x0000D190	0x00000020	[  4] _glViewport
0x0000D1B0	0x00000020	[  4] _glWeightPointerOES
0x0000D1D0	0x00000020	[  4] _s3eAccelerometerGetError
0x0000D1F0	0x00000020	[  4] _s3eAccelerometerGetErrorString
0x0000D210	0x00000020	[  4] _s3eAccelerometerGetInt
0x0000D230	0x00000020	[  4] _s3eAccelerometerGetX
0x0000D250	0x00000020	[  4] _s3eAccelerometerGetY
0x0000D270	0x00000020	[  4] _s3eAccelerometerGetZ
0x0000D290	0x00000020	[  4] _s3eAccelerometerStart
0x0000D2B0	0x00000020	[  4] _s3eAccelerometerStop
0x0000D2D0	0x00000020	[  4] _s3eAudioGetError
0x0000D2F0	0x00000020	[  4] _s3eAudioGetErrorString
0x0000D310	0x00000020	[  4] _s3eAudioGetInt
0x0000D330	0x00000030	[  4] _s3eAudioIsCodecSupported
0x0000D360	0x00000020	[  4] _s3eAudioIsPlaying
0x0000D380	0x00000020	[  4] _s3eAudioPause
0x0000D3A0	0x00000020	[  4] _s3eAudioPlay
0x0000D3C0	0x00000020	[  4] _s3eAudioPlayFromBuffer
0x0000D3E0	0x00000020	[  4] _s3eAudioRegister
0x0000D400	0x00000020	[  4] _s3eAudioResume
0x0000D420	0x00000020	[  4] _s3eAudioSetInt
0x0000D440	0x00000020	[  4] _s3eAudioStop
0x0000D460	0x00000020	[  4] _s3eAudioUnRegister
0x0000D480	0x00000020	[  4] _s3eCompressionDecomp
0x0000D4A0	0x00000020	[  4] _s3eCompressionDecompFinal
0x0000D4C0	0x00000020	[  4] _s3eCompressionDecompInit
0x0000D4E0	0x00000020	[  4] _s3eCompressionDecompRead
0x0000D500	0x00000020	[  4] _s3eCompressionGetError
0x0000D520	0x00000020	[  4] _s3eCompressionGetErrorString
0x0000D540	0x00000020	[  4] _s3eConfigGetError
0x0000D560	0x00000020	[  4] _s3eConfigGetErrorString
0x0000D580	0x00000020	[  4] _s3eConfigGetInt
0x0000D5A0	0x00000020	[  4] _s3eConfigGetIntHash
0x0000D5C0	0x00000020	[  4] _s3eConfigGetString
0x0000D5E0	0x00000020	[  4] _s3eConfigGetStringHash
0x0000D600	0x00000020	[  4] _s3eCryptoGetError
0x0000D620	0x00000020	[  4] _s3eCryptoGetErrorString
0x0000D640	0x00000020	[  4] _s3eCryptoRand
0x0000D660	0x00000020	[  4] _s3eCryptoSha1
0x0000D680	0x00000020	[  4] _s3eCryptoSha1Final
0x0000D6A0	0x00000020	[  4] _s3eCryptoSha1Init
0x0000D6C0	0x00000020	[  4] _s3eCryptoSha1Update
0x0000D6E0	0x00000020	[  4] _s3eCryptoVerifyRsa
0x0000D700	0x00000020	[  4] _s3eDebugAssertShow
0x0000D720	0x00000020	[  4] _s3eDebugErrorShow
0x0000D740	0x00000020	[  4] _s3eDebugGetError
0x0000D760	0x00000020	[  4] _s3eDebugGetErrorString
0x0000D780	0x00000020	[  4] _s3eDebugGetInt
0x0000D7A0	0x00000020	[  4] _s3eDebugIsDebuggerPresent
0x0000D7C0	0x00000020	[  4] _s3eDebugOutputString
0x0000D7E0	0x00000020	[  4] _s3eDebugPrint
0x0000D800	0x00000020	[  4] _s3eDebugRegister
0x0000D820	0x00000020	[  4] _s3eDebugSetInt
0x0000D840	0x00000030	[  4] _s3eDebugTraceChannelSwitch
0x0000D870	0x00000020	[  4] _s3eDebugTraceClearFile
0x0000D890	0x00000020	[  4] _s3eDebugTraceFlush
0x0000D8B0	0x00000020	[  4] _s3eDebugTraceLine
0x0000D8D0	0x00000020	[  4] _s3eDebugUnRegister
0x0000D8F0	0x00000020	[  4] _s3eDeviceBacklightOn
0x0000D910	0x00000020	[  4] _s3eDeviceCheckPauseRequest
0x0000D930	0x00000020	[  4] _s3eDeviceCheckQuitRequest
0x0000D950	0x00000020	[  4] _s3eDeviceExecPushNext
0x0000D970	0x00000020	[  4] _s3eDeviceExit
0x0000D990	0x00000020	[  4] _s3eDeviceGetError
0x0000D9B0	0x00000020	[  4] _s3eDeviceGetErrorString
0x0000D9D0	0x00000020	[  4] _s3eDeviceGetInt
0x0000D9F0	0x00000020	[  4] _s3eDeviceGetString
0x0000DA10	0x00000020	[  4] _s3eDeviceLoaderCallDone
0x0000DA30	0x00000020	[  4] _s3eDeviceLoaderCallStart
0x0000DA50	0x00000020	[  4] _s3eDeviceNetworkCheckStart
0x0000DA70	0x00000020	[  4] _s3eDeviceNetworkCheckStop
0x0000DA90	0x00000020	[  4] _s3eDeviceRegister
0x0000DAB0	0x00000020	[  4] _s3eDeviceRequestQuit
0x0000DAD0	0x00000020	[  4] _s3eDeviceSetInt
0x0000DAF0	0x00000020	[  4] _s3eDeviceUnRegister
0x0000DB10	0x00000020	[  4] _s3eDeviceUnYield
0x0000DB30	0x00000020	[  4] _s3eDeviceYield
0x0000DB50	0x00000020	[  4] _s3eDeviceYieldUntilEvent
0x0000DB70	0x00000020	[  4] _s3eExtGet
0x0000DB90	0x00000020	[  4] _s3eExtGetError
0x0000DBB0	0x00000020	[  4] _s3eExtGetErrorString
0x0000DBD0	0x00000020	[  4] _s3eExtGetHash
0x0000DBF0	0x00000020	[  4] _s3eFileAddUserFileSys
0x0000DC10	0x00000030	[  4] _s3eFileCheckExists
0x0000DC40	0x00000020	[  4] _s3eFileClose
0x0000DC60	0x00000020	[  4] _s3eFileDelete
0x0000DC80	0x00000020	[  4] _s3eFileDeleteDirectory
0x0000DCA0	0x00000030	[  4] _s3eFileEOF
0x0000DCD0	0x00000020	[  4] _s3eFileFlush
0x0000DCF0	0x00000020	[  4] _s3eFileGetChar
0x0000DD10	0x00000020	[  4] _s3eFileGetError
0x0000DD30	0x00000020	[  4] _s3eFileGetErrorString
0x0000DD50	0x00000020	[  4] _s3eFileGetFileInt
0x0000DD70	0x00000020	[  4] _s3eFileGetFileString
0x0000DD90	0x00000020	[  4] _s3eFileGetFree
0x0000DDB0	0x00000020	[  4] _s3eFileGetInt
0x0000DDD0	0x00000020	[  4] _s3eFileGetLastWriteTime
0x0000DDF0	0x00000020	[  4] _s3eFileGetSize
0x0000DE10	0x00000020	[  4] _s3eFileListClose
0x0000DE30	0x00000020	[  4] _s3eFileListDirectory
0x0000DE50	0x00000020	[  4] _s3eFileListNext
0x0000DE70	0x00000020	[  4] _s3eFileMakeDirectory
0x0000DE90	0x00000020	[  4] _s3eFileOpen
0x0000DEB0	0x00000020	[  4] _s3eFileOpenFromMemory
0x0000DED0	0x00000020	[  4] _s3eFilePutChar
0x0000DEF0	0x00000020	[  4] _s3eFileRead
0x0000DF10	0x00000020	[  4] _s3eFileReadString
0x0000DF30	0x00000020	[  4] _s3eFileRemoveUserFileSys
0x0000DF50	0x00000020	[  4] _s3eFileRename
0x0000DF70	0x00000020	[  4] _s3eFileSeek
0x0000DF90	0x00000020	[  4] _s3eFileSetInt
0x0000DFB0	0x00000020	[  4] _s3eFileTell
0x0000DFD0	0x00000020	[  4] _s3eFileTruncate
0x0000DFF0	0x00000020	[  4] _s3eFileWrite
0x0000E010	0x00000020	[  4] _s3eFree
0x0000E030	0x00000020	[  4] _s3eFreeBase
0x0000E050	0x00000020	[  4] _s3eGLGetError
0x0000E070	0x00000020	[  4] _s3eGLGetErrorString
0x0000E090	0x00000020	[  4] _s3eGLGetInt
0x0000E0B0	0x00000020	[  4] _s3eGLGetNativeWindow
0x0000E0D0	0x00000020	[  4] _s3eGLRegister
0x0000E0F0	0x00000020	[  4] _s3eGLUnRegister
0x0000E110	0x00000020	[  4] _s3eGLUnavailable
0x0000E130	0x00000020	[  4] _s3eInetAton
0x0000E150	0x00000020	[  4] _s3eInetHtonl
0x0000E170	0x00000030	[  4] _s3eInetHtons
0x0000E1A0	0x00000020	[  4] _s3eInetLookup
0x0000E1C0	0x00000020	[  4] _s3eInetLookupCancel
0x0000E1E0	0x00000020	[  4] _s3eInetNtoa
0x0000E200	0x00000020	[  4] _s3eInetNtohl
0x0000E220	0x00000030	[  4] _s3eInetNtohs
0x0000E250	0x00000020	[  4] _s3eInetToString
0x0000E270	0x00000020	[  4] _s3eKeyboardAnyKey
0x0000E290	0x00000020	[  4] _s3eKeyboardClearState
0x0000E2B0	0x00000020	[  4] _s3eKeyboardGetChar
0x0000E2D0	0x00000020	[  4] _s3eKeyboardGetDisplayName
0x0000E2F0	0x00000020	[  4] _s3eKeyboardGetError
0x0000E310	0x00000020	[  4] _s3eKeyboardGetErrorString
0x0000E330	0x00000020	[  4] _s3eKeyboardGetInt
0x0000E350	0x00000020	[  4] _s3eKeyboardGetState
0x0000E370	0x00000020	[  4] _s3eKeyboardRegister
0x0000E390	0x00000020	[  4] _s3eKeyboardSetInt
0x0000E3B0	0x00000020	[  4] _s3eKeyboardUnRegister
0x0000E3D0	0x00000020	[  4] _s3eKeyboardUpdate
0x0000E3F0	0x00000020	[  4] _s3eLicenseBuy
0x0000E410	0x00000020	[  4] _s3eLicenseGetError
0x0000E430	0x00000020	[  4] _s3eLicenseGetErrorString
0x0000E450	0x00000020	[  4] _s3eLicenseGetInt
0x0000E470	0x00000020	[  4] _s3eMalloc
0x0000E490	0x00000020	[  4] _s3eMallocBase
0x0000E4B0	0x00000020	[  4] _s3eMemoryGetError
0x0000E4D0	0x00000020	[  4] _s3eMemoryGetErrorString
0x0000E4F0	0x00000020	[  4] _s3eMemoryGetInt
0x0000E510	0x00000020	[  4] _s3eMemoryGetUserMemMgr
0x0000E530	0x00000020	[  4] _s3eMemoryHeapAddress
0x0000E550	0x00000020	[  4] _s3eMemoryHeapCreate
0x0000E570	0x00000020	[  4] _s3eMemoryHeapDestroy
0x0000E590	0x00000020	[  4] _s3eMemorySetInt
0x0000E5B0	0x00000020	[  4] _s3eMemorySetUserMemMgr
0x0000E5D0	0x00000020	[  4] _s3ePointerGetError
0x0000E5F0	0x00000020	[  4] _s3ePointerGetErrorString
0x0000E610	0x00000020	[  4] _s3ePointerGetInt
0x0000E630	0x00000020	[  4] _s3ePointerGetState
0x0000E650	0x00000020	[  4] _s3ePointerGetTouchState
0x0000E670	0x00000020	[  4] _s3ePointerGetTouchX
0x0000E690	0x00000020	[  4] _s3ePointerGetTouchY
0x0000E6B0	0x00000020	[  4] _s3ePointerGetX
0x0000E6D0	0x00000020	[  4] _s3ePointerGetY
0x0000E6F0	0x00000020	[  4] _s3ePointerRegister
0x0000E710	0x00000020	[  4] _s3ePointerSetInt
0x0000E730	0x00000020	[  4] _s3ePointerUnRegister
0x0000E750	0x00000020	[  4] _s3ePointerUpdate
0x0000E770	0x00000020	[  4] _s3eRealloc
0x0000E790	0x00000020	[  4] _s3eReallocBase
0x0000E7B0	0x00000020	[  4] _s3eSecureStorageGet
0x0000E7D0	0x00000020	[  4] _s3eSecureStorageGetError
0x0000E7F0	0x00000020	[  4] _s3eSecureStorageGetErrorString
0x0000E810	0x00000020	[  4] _s3eSecureStoragePut
0x0000E830	0x00000020	[  4] _s3eSocketAccept
0x0000E850	0x00000020	[  4] _s3eSocketBind
0x0000E870	0x00000020	[  4] _s3eSocketClose
0x0000E890	0x00000020	[  4] _s3eSocketConnect
0x0000E8B0	0x00000020	[  4] _s3eSocketCreate
0x0000E8D0	0x00000020	[  4] _s3eSocketGetError
0x0000E8F0	0x00000020	[  4] _s3eSocketGetErrorString
0x0000E910	0x00000020	[  4] _s3eSocketGetInt
0x0000E930	0x00000020	[  4] _s3eSocketGetLocalName
0x0000E950	0x00000020	[  4] _s3eSocketGetPeerName
0x0000E970	0x00000020	[  4] _s3eSocketGetString
0x0000E990	0x00000020	[  4] _s3eSocketListen
0x0000E9B0	0x00000020	[  4] _s3eSocketReadable
0x0000E9D0	0x00000020	[  4] _s3eSocketRecv
0x0000E9F0	0x00000020	[  4] _s3eSocketRecvFrom
0x0000EA10	0x00000020	[  4] _s3eSocketSend
0x0000EA30	0x00000020	[  4] _s3eSocketSendTo
0x0000EA50	0x00000020	[  4] _s3eSocketWritable
0x0000EA70	0x00000020	[  4] _s3eSoundChannelGetInt
0x0000EA90	0x00000020	[  4] _s3eSoundChannelPause
0x0000EAB0	0x00000020	[  4] _s3eSoundChannelPlay
0x0000EAD0	0x00000020	[  4] _s3eSoundChannelRegister
0x0000EAF0	0x00000020	[  4] _s3eSoundChannelResume
0x0000EB10	0x00000020	[  4] _s3eSoundChannelSetInt
0x0000EB30	0x00000020	[  4] _s3eSoundChannelStop
0x0000EB50	0x00000020	[  4] _s3eSoundChannelUnRegister
0x0000EB70	0x00000020	[  4] _s3eSoundGetError
0x0000EB90	0x00000020	[  4] _s3eSoundGetErrorString
0x0000EBB0	0x00000020	[  4] _s3eSoundGetFreeChannel
0x0000EBD0	0x00000020	[  4] _s3eSoundGetInt
0x0000EBF0	0x00000020	[  4] _s3eSoundPauseAllChannels
0x0000EC10	0x00000020	[  4] _s3eSoundResumeAllChannels
0x0000EC30	0x00000020	[  4] _s3eSoundSetInt
0x0000EC50	0x00000020	[  4] _s3eSoundStopAllChannels
0x0000EC70	0x00000020	[  4] _s3eSurfaceConvertRGB
0x0000EC90	0x00000020	[  4] _s3eSurfaceGetError
0x0000ECB0	0x00000020	[  4] _s3eSurfaceGetErrorString
0x0000ECD0	0x00000020	[  4] _s3eSurfaceGetInt
0x0000ECF0	0x00000020	[  4] _s3eSurfaceInvalidate
0x0000ED10	0x00000020	[  4] _s3eSurfacePtr
0x0000ED30	0x00000020	[  4] _s3eSurfaceRegister
0x0000ED50	0x00000020	[  4] _s3eSurfaceSetDisplayID
0x0000ED70	0x00000020	[  4] _s3eSurfaceSetInt
0x0000ED90	0x00000020	[  4] _s3eSurfaceSetup
0x0000EDB0	0x00000020	[  4] _s3eSurfaceShow
0x0000EDD0	0x00000020	[  4] _s3eSurfaceUnRegister
0x0000EDF0	0x00000020	[  4] _s3eTimerCancelTimer
0x0000EE10	0x00000020	[  4] _s3eTimerGetError
0x0000EE30	0x00000020	[  4] _s3eTimerGetErrorString
0x0000EE50	0x00000020	[  4] _s3eTimerGetInt
0x0000EE70	0x00000020	[  4] _s3eTimerGetLocaltimeOffset
0x0000EE90	0x00000020	[  4] _s3eTimerGetMs
0x0000EEB0	0x00000020	[  4] _s3eTimerGetUST
0x0000EED0	0x00000020	[  4] _s3eTimerGetUTC
0x0000EEF0	0x00000020	[  4] _s3eTimerSetTimer
0x0000EF10	0x00000020	[  4] _s3eVibraGetError
0x0000EF30	0x00000020	[  4] _s3eVibraGetErrorString
0x0000EF50	0x00000020	[  4] _s3eVibraGetInt
0x0000EF70	0x00000020	[  4] _s3eVibraSetInt
0x0000EF90	0x00000020	[  4] _s3eVibraStop
0x0000EFB0	0x00000020	[  4] _s3eVibraVibrate
0x0000EFD0	0x00000020	[  4] _s3eVideoGetError
0x0000EFF0	0x00000020	[  4] _s3eVideoGetErrorString
0x0000F010	0x00000020	[  4] _s3eVideoGetInt
0x0000F030	0x00000030	[  4] _s3eVideoIsCodecSupported
0x0000F060	0x00000020	[  4] _s3eVideoIsPlaying
0x0000F080	0x00000020	[  4] _s3eVideoPause
0x0000F0A0	0x00000020	[  4] _s3eVideoPlay
0x0000F0C0	0x00000020	[  4] _s3eVideoPlayFromBuffer
0x0000F0E0	0x00000020	[  4] _s3eVideoRegister
0x0000F100	0x00000020	[  4] _s3eVideoResume
0x0000F120	0x00000020	[  4] _s3eVideoSetInt
0x0000F140	0x00000020	[  4] _s3eVideoStop
0x0000F160	0x00000020	[  4] _s3eVideoUnRegister
0x0000F180	0x00000020	[  4] _s3eEdkCallbacksEnqueue
0x0000F1A0	0x00000020	[  4] _s3eEdkCallbacksIsRegistered
0x0000F1C0	0x00000020	[  4] _s3eEdkCallbacksRegister
0x0000F1E0	0x00000020	[  4] _s3eEdkCallbacksRegisterInternal
0x0000F200	0x00000020	[  4] _s3eEdkCallbacksRegisterSpecific
0x0000F220	0x00000020	[  4] _s3eEdkCallbacksUnRegister
0x0000F240	0x00000020	[  4] _s3eEdkCallbacksUnRegisterDevice
0x0000F260	0x00000020	[  4] _s3eEdkErrorGet
0x0000F280	0x00000020	[  4] _s3eEdkErrorGetString
0x0000F2A0	0x00000020	[  4] _s3eEdkErrorSet
0x0000F2C0	0x00000020	[  4] _s3eEdkErrorSetStringV
0x0000F2E0	0x00000020	[  4] _s3eEdkFreeOS
0x0000F300	0x00000020	[  4] _s3eEdkGetAppVersionMajor
0x0000F320	0x00000020	[  4] _s3eEdkGetAppVersionMinor
0x0000F340	0x00000020	[  4] _s3eEdkGlobalsGet
0x0000F360	0x00000020	[  4] _s3eEdkIsInitialised
0x0000F380	0x00000020	[  4] _s3eEdkLibraryClose
0x0000F3A0	0x00000020	[  4] _s3eEdkLibraryError
0x0000F3C0	0x00000020	[  4] _s3eEdkLibraryGetSymbol
0x0000F3E0	0x00000020	[  4] _s3eEdkLibraryOpen
0x0000F400	0x00000020	[  4] _s3eEdkMallocOS
0x0000F420	0x00000020	[  4] _s3eEdkReallocOS
0x0000F440	0x00000020	[  4] _s3eEdkRegister
0x0000F460	0x00000020	[  4] _s3eEdkThreadRunOnOSAsyncV
0x0000F480	0x00000020	[  4] _s3eEdkThreadRunOnOSV
0x0000F4A0	0x00000020	[  4] _s3eEdkThreadSetResumed
0x0000F4C0	0x00000020	[  4] _s3eEdkThreadSetSuspended
0x0000F4E0	0x00000018	[  4] _s3eEdkThreadSleep
0x0000F500	0x00000020	[  5] _s3eEdkErrorSetString
0x0000F520	0x00000030	[  5] _s3eEdkThreadRunOnOSAsync
0x0000F550	0x00000027	[  5] _s3eEdkThreadRunOnOS
0x0000F580	0x00000020	[  6] _IwAssertRegisterTextCallback
0x0000F5A0	0x00000020	[  6] _IwAssertRegisterCallback
0x0000F5C0	0x00000020	[  6] _IwDebugTraceSetTraceChannel
0x0000F5E0	0x00000020	[  6] _IwDebugErrorRegisterCallback
0x0000F600	0x00000020	[  6] _IwDebugAssertSetUID
0x0000F620	0x000000A0	[  6] _IwDebugClearConfigCache
0x0000F6C0	0x000000C0	[  6] _IwDebugErrorShow
0x0000F780	0x00000130	[  6] _IwDebugTraceLineVPrintf
0x0000F8B0	0x00000020	[  6] _IwDebugTraceLinePrintf
0x0000F8D0	0x000001B0	[  6] _IwDebugTraceIsChannelOn
0x0000FA80	0x00000150	[  6] _IwDebugTraceChannelSwitch
0x0000FBD0	0x00000160	[  6] _IwDebugAssertIsChannelOn
0x0000FD30	0x00000030	[  6] _IwDebugTraceDisable
0x0000FD60	0x000000E0	[  6] _IwDebugAssertSetMessage
0x0000FE40	0x000000A0	[  6] _IwDebugAssertSetSolution
0x0000FEE0	0x000001FE	[  6] _IwDebugAssertShow
0x000100E0	0x000000C4	[  6] __GLOBAL__I_g_DebugGlobals
0x000101B0	0x00000012	[  7] __IwMain
0x000101C2	0x00000006	[  4] _s3eConfigGetInt
0x000101C8	0x00000006	[  4] _s3eDebugAssertShow
0x000101CE	0x00000006	[  4] _s3eDebugErrorShow
0x000101D4	0x00000006	[  4] _s3eDebugIsDebuggerPresent
0x000101DA	0x00000006	[  4] _s3eDebugSetInt
0x000101E0	0x00000006	[  4] _s3eDebugTraceLine
0x000101E6	0x00000006	[  4] _s3eEdkErrorSetStringV
0x000101EC	0x00000006	[  4] _s3eEdkRegister
0x000101F2	0x00000006	[  4] _s3eEdkThreadRunOnOSAsyncV
0x000101F8	0x00000006	[  4] _s3eEdkThreadRunOnOSV
0x000101FE	0x00000006	[  4] _s3eTimerGetUTC
0x00010204	0x00000006	[  8] _BASS_ChannelBytes2Seconds
0x0001020A	0x00000006	[  8] _BASS_ChannelFlags
0x00010210	0x00000006	[  8] _BASS_ChannelGet3DAttributes
0x00010216	0x00000006	[  8] _BASS_ChannelGet3DPosition
0x0001021C	0x00000006	[  8] _BASS_ChannelGetAttribute
0x00010222	0x00000006	[  8] _BASS_ChannelGetData
0x00010228	0x00000006	[  8] _BASS_ChannelGetDevice
0x0001022E	0x00000006	[  8] _BASS_ChannelGetInfo
0x00010234	0x00000006	[  8] _BASS_ChannelGetLength
0x0001023A	0x00000006	[  8] _BASS_ChannelGetLevel
0x00010240	0x00000006	[  8] _BASS_ChannelGetPosition
0x00010246	0x00000006	[  8] _BASS_ChannelGetTags
0x0001024C	0x00000006	[  8] _BASS_ChannelIsActive
0x00010252	0x00000006	[  8] _BASS_ChannelIsSliding
0x00010258	0x00000006	[  8] _BASS_ChannelLock
0x0001025E	0x00000006	[  8] _BASS_ChannelPause
0x00010264	0x00000006	[  8] _BASS_ChannelPlay
0x0001026A	0x00000006	[  8] _BASS_ChannelRemoveDSP
0x00010270	0x00000006	[  8] _BASS_ChannelRemoveFX
0x00010276	0x00000006	[  8] _BASS_ChannelRemoveLink
0x0001027C	0x00000006	[  8] _BASS_ChannelRemoveSync
0x00010282	0x00000006	[  8] _BASS_ChannelSeconds2Bytes
0x00010288	0x00000006	[  8] _BASS_ChannelSet3DAttributes
0x0001028E	0x00000006	[  8] _BASS_ChannelSet3DPosition
0x00010294	0x00000006	[  8] _BASS_ChannelSetAttribute
0x0001029A	0x00000006	[  8] _BASS_ChannelSetDSP
0x000102A0	0x00000006	[  8] _BASS_ChannelSetDevice
0x000102A6	0x00000006	[  8] _BASS_ChannelSetFX
0x000102AC	0x00000006	[  8] _BASS_ChannelSetLink
0x000102B2	0x00000006	[  8] _BASS_ChannelSetPosition
0x000102B8	0x00000006	[  8] _BASS_ChannelSetSync
0x000102BE	0x00000006	[  8] _BASS_ChannelSlideAttribute
0x000102C4	0x00000006	[  8] _BASS_ChannelStop
0x000102CA	0x00000006	[  8] _BASS_ChannelUpdate
0x000102D0	0x00000006	[  8] _BASS_ErrorGetCode
0x000102D6	0x00000006	[  8] _BASS_FXGetParameters
0x000102DC	0x00000006	[  8] _BASS_FXReset
0x000102E2	0x00000006	[  8] _BASS_FXSetParameters
0x000102E8	0x00000006	[  8] _BASS_Free
0x000102EE	0x00000006	[  8] _BASS_Get3DFactors
0x000102F4	0x00000006	[  8] _BASS_Get3DPosition
0x000102FA	0x00000006	[  8] _BASS_GetCPU
0x00010300	0x00000006	[  8] _BASS_GetConfig
0x00010306	0x00000006	[  8] _BASS_GetConfigPtr
0x0001030C	0x00000006	[  8] _BASS_GetDevice
0x00010312	0x00000006	[  8] _BASS_GetDeviceInfo
0x00010318	0x00000006	[  8] _BASS_GetInfo
0x0001031E	0x00000006	[  8] _BASS_GetVersion
0x00010324	0x00000006	[  8] _BASS_GetVolume
0x0001032A	0x00000006	[  8] _BASS_Init
0x00010330	0x00000006	[  8] _BASS_MusicFree
0x00010336	0x00000006	[  8] _BASS_MusicLoad
0x0001033C	0x00000006	[  8] _BASS_Pause
0x00010342	0x00000006	[  8] _BASS_PluginFree
0x00010348	0x00000006	[  8] _BASS_PluginGetInfo
0x0001034E	0x00000006	[  8] _BASS_PluginLoad
0x00010354	0x00000006	[  8] _BASS_RecordFree
0x0001035A	0x00000006	[  8] _BASS_RecordGetDevice
0x00010360	0x00000006	[  8] _BASS_RecordGetDeviceInfo
0x00010366	0x00000006	[  8] _BASS_RecordGetInfo
0x0001036C	0x00000006	[  8] _BASS_RecordGetInput
0x00010372	0x00000006	[  8] _BASS_RecordGetInputName
0x00010378	0x00000006	[  8] _BASS_RecordInit
0x0001037E	0x00000006	[  8] _BASS_RecordSetDevice
0x00010384	0x00000006	[  8] _BASS_RecordSetInput
0x0001038A	0x00000006	[  8] _BASS_RecordStart
0x00010390	0x00000006	[  8] _BASS_SampleCreate
0x00010396	0x00000006	[  8] _BASS_SampleFree
0x0001039C	0x00000006	[  8] _BASS_SampleGetChannel
0x000103A2	0x00000006	[  8] _BASS_SampleGetChannels
0x000103A8	0x00000006	[  8] _BASS_SampleGetData
0x000103AE	0x00000006	[  8] _BASS_SampleGetInfo
0x000103B4	0x00000006	[  8] _BASS_SampleLoad
0x000103BA	0x00000006	[  8] _BASS_SampleSetData
0x000103C0	0x00000006	[  8] _BASS_SampleSetInfo
0x000103C6	0x00000006	[  8] _BASS_SampleStop
0x000103CC	0x00000006	[  8] _BASS_Set3DFactors
0x000103D2	0x00000006	[  8] _BASS_Set3DPosition
0x000103D8	0x00000006	[  8] _BASS_SetConfig
0x000103DE	0x00000006	[  8] _BASS_SetConfigPtr
0x000103E4	0x00000006	[  8] _BASS_SetDevice
0x000103EA	0x00000006	[  8] _BASS_SetVolume
0x000103F0	0x00000006	[  8] _BASS_Start
0x000103F6	0x00000006	[  8] _BASS_Stop
0x000103FC	0x00000006	[  8] _BASS_StreamCreate
0x00010402	0x00000006	[  8] _BASS_StreamCreateFile
0x00010408	0x00000006	[  8] _BASS_StreamCreateFileUser
0x0001040E	0x00000006	[  8] _BASS_StreamCreateURL
0x00010414	0x00000006	[  8] _BASS_StreamFree
0x0001041A	0x00000006	[  8] _BASS_StreamGetFilePosition
0x00010420	0x00000006	[  8] _BASS_StreamPutData
0x00010426	0x00000006	[  8] _BASS_StreamPutFileData
0x0001042C	0x00000006	[  8] _BASS_Update
0x00010432	0x00000006	[  9] ___bzero
0x00010438	0x00000006	[  9] ___moddi3
0x0001043E	0x00000006	[  9] _localtime
0x00010444	0x00000006	[  9] _memset
0x0001044A	0x00000006	[  9] _snprintf
0x00010450	0x00000006	[  9] _sprintf
0x00010456	0x00000006	[  9] _strftime$UNIX2003
0x0001045C	0x00000006	[  9] _strlen
0x00010462	0x00000006	[  9] _strncat
0x00010468	0x00000006	[  9] _strncpy
0x0001046E	0x00000006	[  9] _time
0x00010474	0x00000006	[  9] _vsnprintf
0x0001047C	0x0000000C	[  0] helper helper
0x00010488	0x0000000A	[  8] _BASS_ChannelBytes2Seconds
0x00010492	0x0000000A	[  8] _BASS_ChannelFlags
0x0001049C	0x0000000A	[  8] _BASS_ChannelGet3DAttributes
0x000104A6	0x0000000A	[  8] _BASS_ChannelGet3DPosition
0x000104B0	0x0000000A	[  8] _BASS_ChannelGetAttribute
0x000104BA	0x0000000A	[  8] _BASS_ChannelGetData
0x000104C4	0x0000000A	[  8] _BASS_ChannelGetDevice
0x000104CE	0x0000000A	[  8] _BASS_ChannelGetInfo
0x000104D8	0x0000000A	[  8] _BASS_ChannelGetLength
0x000104E2	0x0000000A	[  8] _BASS_ChannelGetLevel
0x000104EC	0x0000000A	[  8] _BASS_ChannelGetPosition
0x000104F6	0x0000000A	[  8] _BASS_ChannelGetTags
0x00010500	0x0000000A	[  8] _BASS_ChannelIsActive
0x0001050A	0x0000000A	[  8] _BASS_ChannelIsSliding
0x00010514	0x0000000A	[  8] _BASS_ChannelLock
0x0001051E	0x0000000A	[  8] _BASS_ChannelPause
0x00010528	0x0000000A	[  8] _BASS_ChannelPlay
0x00010532	0x0000000A	[  8] _BASS_ChannelRemoveDSP
0x0001053C	0x0000000A	[  8] _BASS_ChannelRemoveFX
0x00010546	0x0000000A	[  8] _BASS_ChannelRemoveLink
0x00010550	0x0000000A	[  8] _BASS_ChannelRemoveSync
0x0001055A	0x0000000A	[  8] _BASS_ChannelSeconds2Bytes
0x00010564	0x0000000A	[  8] _BASS_ChannelSet3DAttributes
0x0001056E	0x0000000A	[  8] _BASS_ChannelSet3DPosition
0x00010578	0x0000000A	[  8] _BASS_ChannelSetAttribute
0x00010582	0x0000000A	[  8] _BASS_ChannelSetDSP
0x0001058C	0x0000000A	[  8] _BASS_ChannelSetDevice
0x00010596	0x0000000A	[  8] _BASS_ChannelSetFX
0x000105A0	0x0000000A	[  8] _BASS_ChannelSetLink
0x000105AA	0x0000000A	[  8] _BASS_ChannelSetPosition
0x000105B4	0x0000000A	[  8] _BASS_ChannelSetSync
0x000105BE	0x0000000A	[  8] _BASS_ChannelSlideAttribute
0x000105C8	0x0000000A	[  8] _BASS_ChannelStop
0x000105D2	0x0000000A	[  8] _BASS_ChannelUpdate
0x000105DC	0x0000000A	[  8] _BASS_ErrorGetCode
0x000105E6	0x0000000A	[  8] _BASS_FXGetParameters
0x000105F0	0x0000000A	[  8] _BASS_FXReset
0x000105FA	0x0000000A	[  8] _BASS_FXSetParameters
0x00010604	0x0000000A	[  8] _BASS_Free
0x0001060E	0x0000000A	[  8] _BASS_Get3DFactors
0x00010618	0x0000000A	[  8] _BASS_Get3DPosition
0x00010622	0x0000000A	[  8] _BASS_GetCPU
0x0001062C	0x0000000A	[  8] _BASS_GetConfig
0x00010636	0x0000000A	[  8] _BASS_GetConfigPtr
0x00010640	0x0000000A	[  8] _BASS_GetDevice
0x0001064A	0x0000000A	[  8] _BASS_GetDeviceInfo
0x00010654	0x0000000A	[  8] _BASS_GetInfo
0x0001065E	0x0000000A	[  8] _BASS_GetVersion
0x00010668	0x0000000A	[  8] _BASS_GetVolume
0x00010672	0x0000000A	[  8] _BASS_Init
0x0001067C	0x0000000A	[  8] _BASS_MusicFree
0x00010686	0x0000000A	[  8] _BASS_MusicLoad
0x00010690	0x0000000A	[  8] _BASS_Pause
0x0001069A	0x0000000A	[  8] _BASS_PluginFree
0x000106A4	0x0000000A	[  8] _BASS_PluginGetInfo
0x000106AE	0x0000000A	[  8] _BASS_PluginLoad
0x000106B8	0x0000000A	[  8] _BASS_RecordFree
0x000106C2	0x0000000A	[  8] _BASS_RecordGetDevice
0x000106CC	0x0000000A	[  8] _BASS_RecordGetDeviceInfo
0x000106D6	0x0000000A	[  8] _BASS_RecordGetInfo
0x000106E0	0x0000000A	[  8] _BASS_RecordGetInput
0x000106EA	0x0000000A	[  8] _BASS_RecordGetInputName
0x000106F4	0x0000000A	[  8] _BASS_RecordInit
0x000106FE	0x0000000A	[  8] _BASS_RecordSetDevice
0x00010708	0x0000000A	[  8] _BASS_RecordSetInput
0x00010712	0x0000000A	[  8] _BASS_RecordStart
0x0001071C	0x0000000A	[  8] _BASS_SampleCreate
0x00010726	0x0000000A	[  8] _BASS_SampleFree
0x00010730	0x0000000A	[  8] _BASS_SampleGetChannel
0x0001073A	0x0000000A	[  8] _BASS_SampleGetChannels
0x00010744	0x0000000A	[  8] _BASS_SampleGetData
0x0001074E	0x0000000A	[  8] _BASS_SampleGetInfo
0x00010758	0x0000000A	[  8] _BASS_SampleLoad
0x00010762	0x0000000A	[  8] _BASS_SampleSetData
0x0001076C	0x0000000A	[  8] _BASS_SampleSetInfo
0x00010776	0x0000000A	[  8] _BASS_SampleStop
0x00010780	0x0000000A	[  8] _BASS_Set3DFactors
0x0001078A	0x0000000A	[  8] _BASS_Set3DPosition
0x00010794	0x0000000A	[  8] _BASS_SetConfig
0x0001079E	0x0000000A	[  8] _BASS_SetConfigPtr
0x000107A8	0x0000000A	[  8] _BASS_SetDevice
0x000107B2	0x0000000A	[  8] _BASS_SetVolume
0x000107BC	0x0000000A	[  8] _BASS_Start
0x000107C6	0x0000000A	[  8] _BASS_Stop
0x000107D0	0x0000000A	[  8] _BASS_StreamCreate
0x000107DA	0x0000000A	[  8] _BASS_StreamCreateFile
0x000107E4	0x0000000A	[  8] _BASS_StreamCreateFileUser
0x000107EE	0x0000000A	[  8] _BASS_StreamCreateURL
0x000107F8	0x0000000A	[  8] _BASS_StreamFree
0x00010802	0x0000000A	[  8] _BASS_StreamGetFilePosition
0x0001080C	0x0000000A	[  8] _BASS_StreamPutData
0x00010816	0x0000000A	[  8] _BASS_StreamPutFileData
0x00010820	0x0000000A	[  8] _BASS_Update
0x0001082A	0x0000000A	[  9] ___bzero
0x00010834	0x0000000A	[  9] ___moddi3
0x0001083E	0x0000000A	[  9] _localtime
0x00010848	0x0000000A	[  9] _memset
0x00010852	0x0000000A	[  9] _snprintf
0x0001085C	0x0000000A	[  9] _sprintf
0x00010866	0x0000000A	[  9] _strftime$UNIX2003
0x00010870	0x0000000A	[  9] _strlen
0x0001087A	0x0000000A	[  9] _strncat
0x00010884	0x0000000A	[  9] _strncpy
0x0001088E	0x0000000A	[  9] _time
0x00010898	0x0000000A	[  9] _vsnprintf
0x000108A4	0x00000008	[  2] literal string: s3eBass
0x000108AC	0x0000000D	[  2] literal string: BASS_VERBOSE
0x000108BA	0x00000001	[  2] literal string: 
0x000108BC	0x00000035	[  2] literal string: calling s3eBass func on main thread: s3eBASS_FXReset
0x000108F4	0x0000003D	[  2] literal string: calling s3eBass func on main thread: s3eBASS_FXGetParameters
0x00010934	0x0000003D	[  2] literal string: calling s3eBass func on main thread: s3eBASS_FXSetParameters
0x00010974	0x0000003D	[  2] literal string: calling s3eBass func on main thread: s3eBASS_ChannelRemoveFX
0x000109B4	0x0000003A	[  2] literal string: calling s3eBass func on main thread: s3eBASS_ChannelSetFX
0x000109F0	0x0000003F	[  2] literal string: calling s3eBass func on main thread: s3eBASS_ChannelRemoveLink
0x00010A30	0x0000003C	[  2] literal string: calling s3eBass func on main thread: s3eBASS_ChannelSetLink
0x00010A6C	0x0000003E	[  2] literal string: calling s3eBass func on main thread: s3eBASS_ChannelRemoveDSP
0x00010AAC	0x0000003B	[  2] literal string: calling s3eBass func on main thread: s3eBASS_ChannelSetDSP
0x00010AE8	0x0000003F	[  2] literal string: calling s3eBass func on main thread: s3eBASS_ChannelRemoveSync
0x00010B28	0x0000003C	[  2] literal string: calling s3eBass func on main thread: s3eBASS_ChannelSetSync
0x00010B64	0x0000003C	[  2] literal string: calling s3eBass func on main thread: s3eBASS_ChannelGetData
0x00010BA0	0x0000003D	[  2] literal string: calling s3eBass func on main thread: s3eBASS_ChannelGetLevel
0x00010BE0	0x00000040	[  2] literal string: calling s3eBass func on main thread: s3eBASS_ChannelGetPosition
0x00010C20	0x00000040	[  2] literal string: calling s3eBass func on main thread: s3eBASS_ChannelSetPosition
0x00010C60	0x0000003E	[  2] literal string: calling s3eBass func on main thread: s3eBASS_ChannelGetLength
0x00010CA0	0x00000042	[  2] literal string: calling s3eBass func on main thread: s3eBASS_ChannelGet3DPosition
0x00010CE4	0x00000042	[  2] literal string: calling s3eBass func on main thread: s3eBASS_ChannelSet3DPosition
0x00010D28	0x00000044	[  2] literal string: calling s3eBass func on main thread: s3eBASS_ChannelGet3DAttributes
0x00010D6C	0x00000044	[  2] literal string: calling s3eBass func on main thread: s3eBASS_ChannelSet3DAttributes
0x00010DB0	0x0000003E	[  2] literal string: calling s3eBass func on main thread: s3eBASS_ChannelIsSliding
0x00010DF0	0x00000043	[  2] literal string: calling s3eBass func on main thread: s3eBASS_ChannelSlideAttribute
0x00010E34	0x00000041	[  2] literal string: calling s3eBass func on main thread: s3eBASS_ChannelGetAttribute
0x00010E78	0x00000041	[  2] literal string: calling s3eBass func on main thread: s3eBASS_ChannelSetAttribute
0x00010EBC	0x0000003A	[  2] literal string: calling s3eBass func on main thread: s3eBASS_ChannelPause
0x00010EF8	0x00000039	[  2] literal string: calling s3eBass func on main thread: s3eBASS_ChannelStop
0x00010F34	0x00000039	[  2] literal string: calling s3eBass func on main thread: s3eBASS_ChannelPlay
0x00010F70	0x00000039	[  2] literal string: calling s3eBass func on main thread: s3eBASS_ChannelLock
0x00010FAC	0x0000003B	[  2] literal string: calling s3eBass func on main thread: s3eBASS_ChannelUpdate
0x00010FE8	0x0000003A	[  2] literal string: calling s3eBass func on main thread: s3eBASS_ChannelFlags
0x00011024	0x0000003C	[  2] literal string: calling s3eBass func on main thread: s3eBASS_ChannelGetTags
0x00011060	0x0000003C	[  2] literal string: calling s3eBass func on main thread: s3eBASS_ChannelGetInfo
0x0001109C	0x0000003D	[  2] literal string: calling s3eBass func on main thread: s3eBASS_ChannelIsActive
0x000110DC	0x0000003E	[  2] literal string: calling s3eBass func on main thread: s3eBASS_ChannelSetDevice
0x0001111C	0x0000003E	[  2] literal string: calling s3eBass func on main thread: s3eBASS_ChannelGetDevice
0x0001115C	0x00000042	[  2] literal string: calling s3eBass func on main thread: s3eBASS_ChannelSeconds2Bytes
[...]
0x0001EE90	0x00000024	[  4] FDE for: ___s3eTimerGetUST
0x0001EEB4	0x00000024	[  4] FDE for: _s3eTimerGetUTC
0x0001EED8	0x00000024	[  4] FDE for: ___s3eTimerGetUTC
0x0001EEFC	0x00000024	[  4] FDE for: _s3eTimerSetTimer
0x0001EF20	0x00000024	[  4] FDE for: ___s3eTimerSetTimer
0x0001EF44	0x00000024	[  4] FDE for: _s3eVibraGetError
0x0001EF68	0x00000024	[  4] FDE for: ___s3eVibraGetError
0x0001EF8C	0x00000024	[  4] FDE for: _s3eVibraGetErrorString
0x0001EFB0	0x00000024	[  4] FDE for: ___s3eVibraGetErrorString
0x0001EFD4	0x00000024	[  4] FDE for: _s3eVibraGetInt
0x0001EFF8	0x00000024	[  4] FDE for: ___s3eVibraGetInt
0x0001F01C	0x00000024	[  4] FDE for: _s3eVibraSetInt
0x0001F040	0x00000024	[  4] FDE for: ___s3eVibraSetInt
0x0001F064	0x00000024	[  4] FDE for: _s3eVibraStop
0x0001F088	0x00000024	[  4] FDE for: ___s3eVibraStop
0x0001F0AC	0x00000024	[  4] FDE for: _s3eVibraVibrate
0x0001F0D0	0x00000024	[  4] FDE for: ___s3eVibraVibrate
0x0001F0F4	0x00000024	[  4] FDE for: _s3eVideoGetError
0x0001F118	0x00000024	[  4] FDE for: ___s3eVideoGetError
0x0001F13C	0x00000024	[  4] FDE for: _s3eVideoGetErrorString
0x0001F160	0x00000024	[  4] FDE for: ___s3eVideoGetErrorString
0x0001F184	0x00000024	[  4] FDE for: _s3eVideoGetInt
0x0001F1A8	0x00000024	[  4] FDE for: ___s3eVideoGetInt
0x0001F1CC	0x00000024	[  4] FDE for: _s3eVideoIsCodecSupported
0x0001F1F0	0x00000024	[  4] FDE for: ___s3eVideoIsCodecSupported
0x0001F214	0x00000024	[  4] FDE for: _s3eVideoIsPlaying
0x0001F238	0x00000024	[  4] FDE for: ___s3eVideoIsPlaying
0x0001F25C	0x00000024	[  4] FDE for: _s3eVideoPause
0x0001F280	0x00000024	[  4] FDE for: ___s3eVideoPause
0x0001F2A4	0x00000024	[  4] FDE for: _s3eVideoPlay
0x0001F2C8	0x00000024	[  4] FDE for: ___s3eVideoPlay
0x0001F2EC	0x00000024	[  4] FDE for: _s3eVideoPlayFromBuffer
0x0001F310	0x00000024	[  4] FDE for: ___s3eVideoPlayFromBuffer
0x0001F334	0x00000024	[  4] FDE for: _s3eVideoRegister
0x0001F358	0x00000024	[  4] FDE for: ___s3eVideoRegister
0x0001F37C	0x00000024	[  4] FDE for: _s3eVideoResume
0x0001F3A0	0x00000024	[  4] FDE for: ___s3eVideoResume
0x0001F3C4	0x00000024	[  4] FDE for: _s3eVideoSetInt
0x0001F3E8	0x00000024	[  4] FDE for: ___s3eVideoSetInt
0x0001F40C	0x00000024	[  4] FDE for: _s3eVideoStop
0x0001F430	0x00000024	[  4] FDE for: ___s3eVideoStop
0x0001F454	0x00000024	[  4] FDE for: _s3eVideoUnRegister
0x0001F478	0x00000024	[  4] FDE for: ___s3eVideoUnRegister
0x0001F49C	0x00000024	[  4] FDE for: _s3eEdkCallbacksEnqueue
0x0001F4C0	0x00000024	[  4] FDE for: ___s3eEdkCallbacksEnqueue
0x0001F4E4	0x00000024	[  4] FDE for: _s3eEdkCallbacksIsRegistered
0x0001F508	0x00000024	[  4] FDE for: ___s3eEdkCallbacksIsRegistered
0x0001F52C	0x00000024	[  4] FDE for: _s3eEdkCallbacksRegister
0x0001F550	0x00000024	[  4] FDE for: ___s3eEdkCallbacksRegister
0x0001F574	0x00000024	[  4] FDE for: _s3eEdkCallbacksRegisterInternal
0x0001F598	0x00000024	[  4] FDE for: ___s3eEdkCallbacksRegisterInternal
0x0001F5BC	0x00000024	[  4] FDE for: _s3eEdkCallbacksRegisterSpecific
0x0001F5E0	0x00000024	[  4] FDE for: ___s3eEdkCallbacksRegisterSpecific
0x0001F604	0x00000024	[  4] FDE for: _s3eEdkCallbacksUnRegister
0x0001F628	0x00000024	[  4] FDE for: ___s3eEdkCallbacksUnRegister
0x0001F64C	0x00000024	[  4] FDE for: _s3eEdkCallbacksUnRegisterDevice
0x0001F670	0x00000024	[  4] FDE for: ___s3eEdkCallbacksUnRegisterDevice
0x0001F694	0x00000024	[  4] FDE for: _s3eEdkErrorGet
0x0001F6B8	0x00000024	[  4] FDE for: ___s3eEdkErrorGet
0x0001F6DC	0x00000024	[  4] FDE for: _s3eEdkErrorGetString
0x0001F700	0x00000024	[  4] FDE for: ___s3eEdkErrorGetString
0x0001F724	0x00000024	[  4] FDE for: _s3eEdkErrorSet
0x0001F748	0x00000024	[  4] FDE for: ___s3eEdkErrorSet
0x0001F76C	0x00000024	[  4] FDE for: _s3eEdkErrorSetStringV
0x0001F790	0x00000024	[  4] FDE for: ___s3eEdkErrorSetStringV
0x0001F7B4	0x00000024	[  4] FDE for: _s3eEdkFreeOS
0x0001F7D8	0x00000024	[  4] FDE for: ___s3eEdkFreeOS
0x0001F7FC	0x00000024	[  4] FDE for: _s3eEdkGetAppVersionMajor
0x0001F820	0x00000024	[  4] FDE for: ___s3eEdkGetAppVersionMajor
0x0001F844	0x00000024	[  4] FDE for: _s3eEdkGetAppVersionMinor
0x0001F868	0x00000024	[  4] FDE for: ___s3eEdkGetAppVersionMinor
0x0001F88C	0x00000024	[  4] FDE for: _s3eEdkGlobalsGet
0x0001F8B0	0x00000024	[  4] FDE for: ___s3eEdkGlobalsGet
0x0001F8D4	0x00000024	[  4] FDE for: _s3eEdkIsInitialised
0x0001F8F8	0x00000024	[  4] FDE for: ___s3eEdkIsInitialised
0x0001F91C	0x00000024	[  4] FDE for: _s3eEdkLibraryClose
0x0001F940	0x00000024	[  4] FDE for: ___s3eEdkLibraryClose
0x0001F964	0x00000024	[  4] FDE for: _s3eEdkLibraryError
0x0001F988	0x00000024	[  4] FDE for: ___s3eEdkLibraryError
0x0001F9AC	0x00000024	[  4] FDE for: _s3eEdkLibraryGetSymbol
0x0001F9D0	0x00000024	[  4] FDE for: ___s3eEdkLibraryGetSymbol
0x0001F9F4	0x00000024	[  4] FDE for: _s3eEdkLibraryOpen
0x0001FA18	0x00000024	[  4] FDE for: ___s3eEdkLibraryOpen
0x0001FA3C	0x00000024	[  4] FDE for: _s3eEdkMallocOS
0x0001FA60	0x00000024	[  4] FDE for: ___s3eEdkMallocOS
0x0001FA84	0x00000024	[  4] FDE for: _s3eEdkReallocOS
0x0001FAA8	0x00000024	[  4] FDE for: ___s3eEdkReallocOS
0x0001FACC	0x00000024	[  4] FDE for: _s3eEdkRegister
0x0001FAF0	0x00000024	[  4] FDE for: ___s3eEdkRegister
0x0001FB14	0x00000024	[  4] FDE for: _s3eEdkThreadRunOnOSAsyncV
0x0001FB38	0x00000024	[  4] FDE for: ___s3eEdkThreadRunOnOSAsyncV
0x0001FB5C	0x00000024	[  4] FDE for: _s3eEdkThreadRunOnOSV
0x0001FB80	0x00000024	[  4] FDE for: ___s3eEdkThreadRunOnOSV
0x0001FBA4	0x00000024	[  4] FDE for: _s3eEdkThreadSetResumed
0x0001FBC8	0x00000024	[  4] FDE for: ___s3eEdkThreadSetResumed
0x0001FBEC	0x00000024	[  4] FDE for: _s3eEdkThreadSetSuspended
0x0001FC10	0x00000024	[  4] FDE for: ___s3eEdkThreadSetSuspended
0x0001FC34	0x00000024	[  4] FDE for: _s3eEdkThreadSleep
0x0001FC58	0x00000024	[  4] FDE for: ___s3eEdkThreadSleep
0x0001FC7C	0x00000018	[  5] CIE
0x0001FC94	0x00000024	[  5] FDE for: _s3eEdkErrorSetString
0x0001FCB8	0x00000024	[  5] FDE for: _s3eEdkThreadRunOnOSAsync
0x0001FCDC	0x00000024	[  5] FDE for: _s3eEdkThreadRunOnOS
0x0001FD00	0x00000018	[  6] CIE
0x0001FD18	0x00000028	[  6] FDE for: __GLOBAL__I_g_DebugGlobals
0x0001FD40	0x00000024	[  6] FDE for: _IwAssertRegisterTextCallback
0x0001FD64	0x00000024	[  6] FDE for: _IwAssertRegisterCallback
0x0001FD88	0x00000024	[  6] FDE for: _IwDebugTraceSetTraceChannel
0x0001FDAC	0x00000024	[  6] FDE for: _IwDebugErrorRegisterCallback
0x0001FDD0	0x00000024	[  6] FDE for: _IwDebugAssertSetUID
0x0001FDF4	0x00000028	[  6] FDE for: _IwDebugClearConfigCache
0x0001FE1C	0x0000002C	[  6] FDE for: _IwDebugErrorShow
0x0001FE48	0x0000002C	[  6] FDE for: _IwDebugTraceLineVPrintf
0x0001FE74	0x00000024	[  6] FDE for: _IwDebugTraceLinePrintf
0x0001FE98	0x0000002C	[  6] FDE for: _IwDebugTraceIsChannelOn
0x0001FEC4	0x0000002C	[  6] FDE for: _IwDebugTraceChannelSwitch
0x0001FEF0	0x0000002C	[  6] FDE for: _IwDebugAssertIsChannelOn
0x0001FF1C	0x00000024	[  6] FDE for: _IwDebugTraceDisable
0x0001FF40	0x0000002C	[  6] FDE for: _IwDebugAssertSetMessage
0x0001FF6C	0x0000002C	[  6] FDE for: _IwDebugAssertSetSolution
0x0001FF98	0x0000002C	[  6] FDE for: _IwDebugAssertShow
0x0001FFC4	0x00000018	[  7] CIE
0x0001FFDC	0x00000024	[  7] FDE for: __IwMain
0x00020000	0x00000004	[  0] non-lazy-pointer-to-local: dyld_stub_binder
0x00020004	0x00000004	[  0] non-lazy-pointer
0x00020008	0x00000004	[  2] non-lazy-pointer-to: __Z11s3eBassInitv
0x0002000C	0x00000004	[  2] non-lazy-pointer-to: __Z16s3eBassTerminatev
0x00020010	0x00000004	[  2] non-lazy-pointer-to: _s3eBASS_Apply3D
0x00020014	0x00000004	[  2] non-lazy-pointer-to: _s3eBASS_ChannelBytes2Seconds
0x00020018	0x00000004	[  2] non-lazy-pointer-to: _s3eBASS_ChannelFlags
0x0002001C	0x00000004	[  2] non-lazy-pointer-to: _s3eBASS_ChannelGet3DAttributes
0x00020020	0x00000004	[  2] non-lazy-pointer-to: _s3eBASS_ChannelGet3DPosition
0x00020024	0x00000004	[  2] non-lazy-pointer-to: _s3eBASS_ChannelGetAttribute
0x00020028	0x00000004	[  2] non-lazy-pointer-to: _s3eBASS_ChannelGetData
0x0002002C	0x00000004	[  2] non-lazy-pointer-to: _s3eBASS_ChannelGetDevice
0x00020030	0x00000004	[  2] non-lazy-pointer-to: _s3eBASS_ChannelGetInfo
0x00020034	0x00000004	[  2] non-lazy-pointer-to: _s3eBASS_ChannelGetLength
0x00020038	0x00000004	[  2] non-lazy-pointer-to: _s3eBASS_ChannelGetLevel
0x0002003C	0x00000004	[  2] non-lazy-pointer-to: _s3eBASS_ChannelGetPosition
0x00020040	0x00000004	[  2] non-lazy-pointer-to: _s3eBASS_ChannelGetTags
0x00020044	0x00000004	[  2] non-lazy-pointer-to: _s3eBASS_ChannelIsActive
0x00020048	0x00000004	[  2] non-lazy-pointer-to: _s3eBASS_ChannelIsSliding
0x0002004C	0x00000004	[  2] non-lazy-pointer-to: _s3eBASS_ChannelLock
0x00020050	0x00000004	[  2] non-lazy-pointer-to: _s3eBASS_ChannelPause
0x00020054	0x00000004	[  2] non-lazy-pointer-to: _s3eBASS_ChannelPlay
0x00020058	0x00000004	[  2] non-lazy-pointer-to: _s3eBASS_ChannelRemoveDSP
0x0002005C	0x00000004	[  2] non-lazy-pointer-to: _s3eBASS_ChannelRemoveFX
0x00020060	0x00000004	[  2] non-lazy-pointer-to: _s3eBASS_ChannelRemoveLink
0x00020064	0x00000004	[  2] non-lazy-pointer-to: _s3eBASS_ChannelRemoveSync
0x00020068	0x00000004	[  2] non-lazy-pointer-to: _s3eBASS_ChannelSeconds2Bytes
0x0002006C	0x00000004	[  2] non-lazy-pointer-to: _s3eBASS_ChannelSet3DAttributes
0x00020070	0x00000004	[  2] non-lazy-pointer-to: _s3eBASS_ChannelSet3DPosition
0x00020074	0x00000004	[  2] non-lazy-pointer-to: _s3eBASS_ChannelSetAttribute
0x00020078	0x00000004	[  2] non-lazy-pointer-to: _s3eBASS_ChannelSetDSP
0x0002007C	0x00000004	[  2] non-lazy-pointer-to: _s3eBASS_ChannelSetDevice
0x00020080	0x00000004	[  2] non-lazy-pointer-to: _s3eBASS_ChannelSetFX
0x00020084	0x00000004	[  2] non-lazy-pointer-to: _s3eBASS_ChannelSetLink
0x00020088	0x00000004	[  2] non-lazy-pointer-to: _s3eBASS_ChannelSetPosition
0x0002008C	0x00000004	[  2] non-lazy-pointer-to: _s3eBASS_ChannelSetSync
0x00020090	0x00000004	[  2] non-lazy-pointer-to: _s3eBASS_ChannelSlideAttribute
0x00020094	0x00000004	[  2] non-lazy-pointer-to: _s3eBASS_ChannelStop
0x00020098	0x00000004	[  2] non-lazy-pointer-to: _s3eBASS_ChannelUpdate
0x0002009C	0x00000004	[  2] non-lazy-pointer-to: _s3eBASS_ErrorGetCode
0x000200A0	0x00000004	[  2] non-lazy-pointer-to: _s3eBASS_FXGetParameters
0x000200A4	0x00000004	[  2] non-lazy-pointer-to: _s3eBASS_FXReset
0x000200A8	0x00000004	[  2] non-lazy-pointer-to: _s3eBASS_FXSetParameters
0x000200AC	0x00000004	[  2] non-lazy-pointer-to: _s3eBASS_Free
0x000200B0	0x00000004	[  2] non-lazy-pointer-to: _s3eBASS_Get3DFactors
0x000200B4	0x00000004	[  2] non-lazy-pointer-to: _s3eBASS_Get3DPosition
0x000200B8	0x00000004	[  2] non-lazy-pointer-to: _s3eBASS_GetCPU
0x000200BC	0x00000004	[  2] non-lazy-pointer-to: _s3eBASS_GetConfig
0x000200C0	0x00000004	[  2] non-lazy-pointer-to: _s3eBASS_GetConfigPtr
0x000200C4	0x00000004	[  2] non-lazy-pointer-to: _s3eBASS_GetDevice
0x000200C8	0x00000004	[  2] non-lazy-pointer-to: _s3eBASS_GetDeviceInfo
0x000200CC	0x00000004	[  2] non-lazy-pointer-to: _s3eBASS_GetInfo
0x000200D0	0x00000004	[  2] non-lazy-pointer-to: _s3eBASS_GetVersion
0x000200D4	0x00000004	[  2] non-lazy-pointer-to: _s3eBASS_GetVolume
0x000200D8	0x00000004	[  2] non-lazy-pointer-to: _s3eBASS_Init
0x000200DC	0x00000004	[  2] non-lazy-pointer-to: _s3eBASS_MusicFree
0x000200E0	0x00000004	[  2] non-lazy-pointer-to: _s3eBASS_MusicLoad
0x000200E4	0x00000004	[  2] non-lazy-pointer-to: _s3eBASS_Pause
0x000200E8	0x00000004	[  2] non-lazy-pointer-to: _s3eBASS_PluginFree
0x000200EC	0x00000004	[  2] non-lazy-pointer-to: _s3eBASS_PluginGetInfo
0x000200F0	0x00000004	[  2] non-lazy-pointer-to: _s3eBASS_PluginLoad
0x000200F4	0x00000004	[  2] non-lazy-pointer-to: _s3eBASS_RecordFree
0x000200F8	0x00000004	[  2] non-lazy-pointer-to: _s3eBASS_RecordGetDevice
0x000200FC	0x00000004	[  2] non-lazy-pointer-to: _s3eBASS_RecordGetDeviceInfo
0x00020100	0x00000004	[  2] non-lazy-pointer-to: _s3eBASS_RecordGetInfo
0x00020104	0x00000004	[  2] non-lazy-pointer-to: _s3eBASS_RecordGetInput
0x00020108	0x00000004	[  2] non-lazy-pointer-to: _s3eBASS_RecordGetInputName
0x0002010C	0x00000004	[  2] non-lazy-pointer-to: _s3eBASS_RecordInit
0x00020110	0x00000004	[  2] non-lazy-pointer-to: _s3eBASS_RecordSetDevice
0x00020114	0x00000004	[  2] non-lazy-pointer-to: _s3eBASS_RecordSetInput
0x00020118	0x00000004	[  2] non-lazy-pointer-to: _s3eBASS_RecordStart
0x0002011C	0x00000004	[  2] non-lazy-pointer-to: _s3eBASS_SampleCreate
0x00020120	0x00000004	[  2] non-lazy-pointer-to: _s3eBASS_SampleFree
0x00020124	0x00000004	[  2] non-lazy-pointer-to: _s3eBASS_SampleGetChannel
0x00020128	0x00000004	[  2] non-lazy-pointer-to: _s3eBASS_SampleGetChannels
0x0002012C	0x00000004	[  2] non-lazy-pointer-to: _s3eBASS_SampleGetData
0x00020130	0x00000004	[  2] non-lazy-pointer-to: _s3eBASS_SampleGetInfo
0x00020134	0x00000004	[  2] non-lazy-pointer-to: _s3eBASS_SampleLoad
0x00020138	0x00000004	[  2] non-lazy-pointer-to: _s3eBASS_SampleSetData
0x0002013C	0x00000004	[  2] non-lazy-pointer-to: _s3eBASS_SampleSetInfo
0x00020140	0x00000004	[  2] non-lazy-pointer-to: _s3eBASS_SampleStop
0x00020144	0x00000004	[  2] non-lazy-pointer-to: _s3eBASS_Set3DFactors
0x00020148	0x00000004	[  2] non-lazy-pointer-to: _s3eBASS_Set3DPosition
0x0002014C	0x00000004	[  2] non-lazy-pointer-to: _s3eBASS_SetConfig
0x00020150	0x00000004	[  2] non-lazy-pointer-to: _s3eBASS_SetConfigPtr
0x00020154	0x00000004	[  2] non-lazy-pointer-to: _s3eBASS_SetDevice
0x00020158	0x00000004	[  2] non-lazy-pointer-to: _s3eBASS_SetVolume
0x0002015C	0x00000004	[  2] non-lazy-pointer-to: _s3eBASS_Start
0x00020160	0x00000004	[  2] non-lazy-pointer-to: _s3eBASS_Stop
0x00020164	0x00000004	[  2] non-lazy-pointer-to: _s3eBASS_StreamCreate
0x00020168	0x00000004	[  2] non-lazy-pointer-to: _s3eBASS_StreamCreateFile
0x0002016C	0x00000004	[  2] non-lazy-pointer-to: _s3eBASS_StreamCreateFileUser
0x00020170	0x00000004	[  2] non-lazy-pointer-to: _s3eBASS_StreamCreateURL
0x00020174	0x00000004	[  2] non-lazy-pointer-to: _s3eBASS_StreamFree
0x00020178	0x00000004	[  2] non-lazy-pointer-to: _s3eBASS_StreamGetFilePosition
0x0002017C	0x00000004	[  2] non-lazy-pointer-to: _s3eBASS_StreamPutData
0x00020180	0x00000004	[  2] non-lazy-pointer-to: _s3eBASS_StreamPutFileData
0x00020184	0x00000004	[  2] non-lazy-pointer-to: _s3eBASS_Update
0x00020188	0x00000004	[  4] non-lazy-pointer-to: _g_S3E_API
0x0002018C	0x00000004	[  4] _s3eConfigGetInt
0x00020190	0x00000004	[  4] _s3eDebugAssertShow
0x00020194	0x00000004	[  4] _s3eDebugErrorShow
0x00020198	0x00000004	[  4] _s3eDebugIsDebuggerPresent
0x0002019C	0x00000004	[  4] _s3eDebugSetInt
0x000201A0	0x00000004	[  4] _s3eDebugTraceLine
0x000201A4	0x00000004	[  4] _s3eEdkErrorSetStringV
0x000201A8	0x00000004	[  4] _s3eEdkRegister
0x000201AC	0x00000004	[  4] _s3eEdkThreadRunOnOSAsyncV
0x000201B0	0x00000004	[  4] _s3eEdkThreadRunOnOSV
0x000201B4	0x00000004	[  4] _s3eTimerGetUTC
0x000201B8	0x00000004	[  8] _BASS_ChannelBytes2Seconds
0x000201BC	0x00000004	[  8] _BASS_ChannelFlags
0x000201C0	0x00000004	[  8] _BASS_ChannelGet3DAttributes
0x000201C4	0x00000004	[  8] _BASS_ChannelGet3DPosition
0x000201C8	0x00000004	[  8] _BASS_ChannelGetAttribute
0x000201CC	0x00000004	[  8] _BASS_ChannelGetData
0x000201D0	0x00000004	[  8] _BASS_ChannelGetDevice
0x000201D4	0x00000004	[  8] _BASS_ChannelGetInfo
0x000201D8	0x00000004	[  8] _BASS_ChannelGetLength
0x000201DC	0x00000004	[  8] _BASS_ChannelGetLevel
0x000201E0	0x00000004	[  8] _BASS_ChannelGetPosition
0x000201E4	0x00000004	[  8] _BASS_ChannelGetTags
0x000201E8	0x00000004	[  8] _BASS_ChannelIsActive
0x000201EC	0x00000004	[  8] _BASS_ChannelIsSliding
0x000201F0	0x00000004	[  8] _BASS_ChannelLock
0x000201F4	0x00000004	[  8] _BASS_ChannelPause
0x000201F8	0x00000004	[  8] _BASS_ChannelPlay
0x000201FC	0x00000004	[  8] _BASS_ChannelRemoveDSP
0x00020200	0x00000004	[  8] _BASS_ChannelRemoveFX
0x00020204	0x00000004	[  8] _BASS_ChannelRemoveLink
0x00020208	0x00000004	[  8] _BASS_ChannelRemoveSync
0x0002020C	0x00000004	[  8] _BASS_ChannelSeconds2Bytes
0x00020210	0x00000004	[  8] _BASS_ChannelSet3DAttributes
0x00020214	0x00000004	[  8] _BASS_ChannelSet3DPosition
0x00020218	0x00000004	[  8] _BASS_ChannelSetAttribute
0x0002021C	0x00000004	[  8] _BASS_ChannelSetDSP
0x00020220	0x00000004	[  8] _BASS_ChannelSetDevice
0x00020224	0x00000004	[  8] _BASS_ChannelSetFX
0x00020228	0x00000004	[  8] _BASS_ChannelSetLink
0x0002022C	0x00000004	[  8] _BASS_ChannelSetPosition
0x00020230	0x00000004	[  8] _BASS_ChannelSetSync
0x00020234	0x00000004	[  8] _BASS_ChannelSlideAttribute
0x00020238	0x00000004	[  8] _BASS_ChannelStop
0x0002023C	0x00000004	[  8] _BASS_ChannelUpdate
0x00020240	0x00000004	[  8] _BASS_ErrorGetCode
0x00020244	0x00000004	[  8] _BASS_FXGetParameters
0x00020248	0x00000004	[  8] _BASS_FXReset
0x0002024C	0x00000004	[  8] _BASS_FXSetParameters
0x00020250	0x00000004	[  8] _BASS_Free
0x00020254	0x00000004	[  8] _BASS_Get3DFactors
0x00020258	0x00000004	[  8] _BASS_Get3DPosition
0x0002025C	0x00000004	[  8] _BASS_GetCPU
0x00020260	0x00000004	[  8] _BASS_GetConfig
0x00020264	0x00000004	[  8] _BASS_GetConfigPtr
0x00020268	0x00000004	[  8] _BASS_GetDevice
0x0002026C	0x00000004	[  8] _BASS_GetDeviceInfo
0x00020270	0x00000004	[  8] _BASS_GetInfo
0x00020274	0x00000004	[  8] _BASS_GetVersion
0x00020278	0x00000004	[  8] _BASS_GetVolume
0x0002027C	0x00000004	[  8] _BASS_Init
0x00020280	0x00000004	[  8] _BASS_MusicFree
0x00020284	0x00000004	[  8] _BASS_MusicLoad
0x00020288	0x00000004	[  8] _BASS_Pause
0x0002028C	0x00000004	[  8] _BASS_PluginFree
0x00020290	0x00000004	[  8] _BASS_PluginGetInfo
0x00020294	0x00000004	[  8] _BASS_PluginLoad
0x00020298	0x00000004	[  8] _BASS_RecordFree
0x0002029C	0x00000004	[  8] _BASS_RecordGetDevice
0x000202A0	0x00000004	[  8] _BASS_RecordGetDeviceInfo
0x000202A4	0x00000004	[  8] _BASS_RecordGetInfo
0x000202A8	0x00000004	[  8] _BASS_RecordGetInput
0x000202AC	0x00000004	[  8] _BASS_RecordGetInputName
0x000202B0	0x00000004	[  8] _BASS_RecordInit
0x000202B4	0x00000004	[  8] _BASS_RecordSetDevice
0x000202B8	0x00000004	[  8] _BASS_RecordSetInput
0x000202BC	0x00000004	[  8] _BASS_RecordStart
0x000202C0	0x00000004	[  8] _BASS_SampleCreate
0x000202C4	0x00000004	[  8] _BASS_SampleFree
0x000202C8	0x00000004	[  8] _BASS_SampleGetChannel
0x000202CC	0x00000004	[  8] _BASS_SampleGetChannels
0x000202D0	0x00000004	[  8] _BASS_SampleGetData
0x000202D4	0x00000004	[  8] _BASS_SampleGetInfo
0x000202D8	0x00000004	[  8] _BASS_SampleLoad
0x000202DC	0x00000004	[  8] _BASS_SampleSetData
0x000202E0	0x00000004	[  8] _BASS_SampleSetInfo
0x000202E4	0x00000004	[  8] _BASS_SampleStop
0x000202E8	0x00000004	[  8] _BASS_Set3DFactors
0x000202EC	0x00000004	[  8] _BASS_Set3DPosition
0x000202F0	0x00000004	[  8] _BASS_SetConfig
0x000202F4	0x00000004	[  8] _BASS_SetConfigPtr
0x000202F8	0x00000004	[  8] _BASS_SetDevice
0x000202FC	0x00000004	[  8] _BASS_SetVolume
0x00020300	0x00000004	[  8] _BASS_Start
0x00020304	0x00000004	[  8] _BASS_Stop
0x00020308	0x00000004	[  8] _BASS_StreamCreate
0x0002030C	0x00000004	[  8] _BASS_StreamCreateFile
0x00020310	0x00000004	[  8] _BASS_StreamCreateFileUser
0x00020314	0x00000004	[  8] _BASS_StreamCreateURL
0x00020318	0x00000004	[  8] _BASS_StreamFree
0x0002031C	0x00000004	[  8] _BASS_StreamGetFilePosition
0x00020320	0x00000004	[  8] _BASS_StreamPutData
0x00020324	0x00000004	[  8] _BASS_StreamPutFileData
0x00020328	0x00000004	[  8] _BASS_Update
0x0002032C	0x00000004	[  9] ___bzero
0x00020330	0x00000004	[  9] ___moddi3
0x00020334	0x00000004	[  9] _localtime
0x00020338	0x00000004	[  9] _memset
0x0002033C	0x00000004	[  9] _snprintf
0x00020340	0x00000004	[  9] _sprintf
0x00020344	0x00000004	[  9] _strftime$UNIX2003
0x00020348	0x00000004	[  9] _strlen
0x0002034C	0x00000004	[  9] _strncat
0x00020350	0x00000004	[  9] _strncpy
0x00020354	0x00000004	[  9] _time
0x00020358	0x00000004	[  9] _vsnprintf
0x0002035C	0x00000004	[  6] anon
0x00020360	0x00002200	[  3] _g_S3E_API
0x00022560	0x00000001	[  3] __IwAppVersionMajor
0x00022561	0x00000001	[  3] __IwAppVersionMinor
0x00022580	0x00000300	[  3] __ZL9g_Message
0x00022880	0x00002928	[  6] _g_DebugGlobals
